Archive member included to satisfy reference by file (symbol)

C:/ST/STM32CubeIDE_1.13.2/STM32CubeIDE/plugins/com.st.stm32cube.ide.mcu.externaltools.gnu-tools-for-stm32.11.3.rel1.win32_1.1.1.202309131626/tools/bin/../lib/gcc/arm-none-eabi/11.3.1/../../../../arm-none-eabi/lib/thumb/v7e-m+fp/hard\libc_nano.a(libc_a-atoi.o)
                              ./Src/CMD_Parse_Brightness.o (atoi)
C:/ST/STM32CubeIDE_1.13.2/STM32CubeIDE/plugins/com.st.stm32cube.ide.mcu.externaltools.gnu-tools-for-stm32.11.3.rel1.win32_1.1.1.202309131626/tools/bin/../lib/gcc/arm-none-eabi/11.3.1/../../../../arm-none-eabi/lib/thumb/v7e-m+fp/hard\libc_nano.a(libc_a-exit.o)
                              C:/ST/STM32CubeIDE_1.13.2/STM32CubeIDE/plugins/com.st.stm32cube.ide.mcu.externaltools.gnu-tools-for-stm32.11.3.rel1.win32_1.1.1.202309131626/tools/bin/../lib/gcc/arm-none-eabi/11.3.1/../../../../arm-none-eabi/lib/thumb/v7e-m+fp/hard/crt0.o (exit)
C:/ST/STM32CubeIDE_1.13.2/STM32CubeIDE/plugins/com.st.stm32cube.ide.mcu.externaltools.gnu-tools-for-stm32.11.3.rel1.win32_1.1.1.202309131626/tools/bin/../lib/gcc/arm-none-eabi/11.3.1/../../../../arm-none-eabi/lib/thumb/v7e-m+fp/hard\libc_nano.a(libc_a-strtol.o)
                              C:/ST/STM32CubeIDE_1.13.2/STM32CubeIDE/plugins/com.st.stm32cube.ide.mcu.externaltools.gnu-tools-for-stm32.11.3.rel1.win32_1.1.1.202309131626/tools/bin/../lib/gcc/arm-none-eabi/11.3.1/../../../../arm-none-eabi/lib/thumb/v7e-m+fp/hard\libc_nano.a(libc_a-atoi.o) (_strtol_r)
C:/ST/STM32CubeIDE_1.13.2/STM32CubeIDE/plugins/com.st.stm32cube.ide.mcu.externaltools.gnu-tools-for-stm32.11.3.rel1.win32_1.1.1.202309131626/tools/bin/../lib/gcc/arm-none-eabi/11.3.1/../../../../arm-none-eabi/lib/thumb/v7e-m+fp/hard\libc_nano.a(libc_a-ctype_.o)
                              C:/ST/STM32CubeIDE_1.13.2/STM32CubeIDE/plugins/com.st.stm32cube.ide.mcu.externaltools.gnu-tools-for-stm32.11.3.rel1.win32_1.1.1.202309131626/tools/bin/../lib/gcc/arm-none-eabi/11.3.1/../../../../arm-none-eabi/lib/thumb/v7e-m+fp/hard\libc_nano.a(libc_a-strtol.o) (_ctype_)
C:/ST/STM32CubeIDE_1.13.2/STM32CubeIDE/plugins/com.st.stm32cube.ide.mcu.externaltools.gnu-tools-for-stm32.11.3.rel1.win32_1.1.1.202309131626/tools/bin/../lib/gcc/arm-none-eabi/11.3.1/../../../../arm-none-eabi/lib/thumb/v7e-m+fp/hard\libc_nano.a(libc_a-findfp.o)
                              ./FreeRTOS/src/tasks.o (__sf)
C:/ST/STM32CubeIDE_1.13.2/STM32CubeIDE/plugins/com.st.stm32cube.ide.mcu.externaltools.gnu-tools-for-stm32.11.3.rel1.win32_1.1.1.202309131626/tools/bin/../lib/gcc/arm-none-eabi/11.3.1/../../../../arm-none-eabi/lib/thumb/v7e-m+fp/hard\libc_nano.a(libc_a-fwalk.o)
                              C:/ST/STM32CubeIDE_1.13.2/STM32CubeIDE/plugins/com.st.stm32cube.ide.mcu.externaltools.gnu-tools-for-stm32.11.3.rel1.win32_1.1.1.202309131626/tools/bin/../lib/gcc/arm-none-eabi/11.3.1/../../../../arm-none-eabi/lib/thumb/v7e-m+fp/hard\libc_nano.a(libc_a-findfp.o) (_fwalk_sglue)
C:/ST/STM32CubeIDE_1.13.2/STM32CubeIDE/plugins/com.st.stm32cube.ide.mcu.externaltools.gnu-tools-for-stm32.11.3.rel1.win32_1.1.1.202309131626/tools/bin/../lib/gcc/arm-none-eabi/11.3.1/../../../../arm-none-eabi/lib/thumb/v7e-m+fp/hard\libc_nano.a(libc_a-sprintf.o)
                              ./Src/main.o (sprintf)
C:/ST/STM32CubeIDE_1.13.2/STM32CubeIDE/plugins/com.st.stm32cube.ide.mcu.externaltools.gnu-tools-for-stm32.11.3.rel1.win32_1.1.1.202309131626/tools/bin/../lib/gcc/arm-none-eabi/11.3.1/../../../../arm-none-eabi/lib/thumb/v7e-m+fp/hard\libc_nano.a(libc_a-stdio.o)
                              C:/ST/STM32CubeIDE_1.13.2/STM32CubeIDE/plugins/com.st.stm32cube.ide.mcu.externaltools.gnu-tools-for-stm32.11.3.rel1.win32_1.1.1.202309131626/tools/bin/../lib/gcc/arm-none-eabi/11.3.1/../../../../arm-none-eabi/lib/thumb/v7e-m+fp/hard\libc_nano.a(libc_a-findfp.o) (__sread)
C:/ST/STM32CubeIDE_1.13.2/STM32CubeIDE/plugins/com.st.stm32cube.ide.mcu.externaltools.gnu-tools-for-stm32.11.3.rel1.win32_1.1.1.202309131626/tools/bin/../lib/gcc/arm-none-eabi/11.3.1/../../../../arm-none-eabi/lib/thumb/v7e-m+fp/hard\libc_nano.a(libc_a-memset.o)
                              C:/ST/STM32CubeIDE_1.13.2/STM32CubeIDE/plugins/com.st.stm32cube.ide.mcu.externaltools.gnu-tools-for-stm32.11.3.rel1.win32_1.1.1.202309131626/tools/bin/../lib/gcc/arm-none-eabi/11.3.1/../../../../arm-none-eabi/lib/thumb/v7e-m+fp/hard/crt0.o (memset)
C:/ST/STM32CubeIDE_1.13.2/STM32CubeIDE/plugins/com.st.stm32cube.ide.mcu.externaltools.gnu-tools-for-stm32.11.3.rel1.win32_1.1.1.202309131626/tools/bin/../lib/gcc/arm-none-eabi/11.3.1/../../../../arm-none-eabi/lib/thumb/v7e-m+fp/hard\libc_nano.a(libc_a-strncmp.o)
                              ./Src/CMD_Parse_Brightness.o (strncmp)
C:/ST/STM32CubeIDE_1.13.2/STM32CubeIDE/plugins/com.st.stm32cube.ide.mcu.externaltools.gnu-tools-for-stm32.11.3.rel1.win32_1.1.1.202309131626/tools/bin/../lib/gcc/arm-none-eabi/11.3.1/../../../../arm-none-eabi/lib/thumb/v7e-m+fp/hard\libc_nano.a(libc_a-closer.o)
[...]
Memory Configuration

Name             Origin             Length             Attributes
RAM              0x0000000020000000 0x0000000000018000 xrw
FLASH            0x0000000008000000 0x0000000000080000 xr
*default*        0x0000000000000000 0xffffffffffffffff

Linker script and memory map

LOAD C:/ST/STM32CubeIDE_1.13.2/STM32CubeIDE/plugins/com.st.stm32cube.ide.mcu.externaltools.gnu-tools-for-stm32.11.3.rel1.win32_1.1.1.202309131626/tools/bin/../lib/gcc/arm-none-eabi/11.3.1/thumb/v7e-m+fp/hard/crti.o
LOAD C:/ST/STM32CubeIDE_1.13.2/STM32CubeIDE/plugins/com.st.stm32cube.ide.mcu.externaltools.gnu-tools-for-stm32.11.3.rel1.win32_1.1.1.202309131626/tools/bin/../lib/gcc/arm-none-eabi/11.3.1/thumb/v7e-m+fp/hard/crtbegin.o
LOAD C:/ST/STM32CubeIDE_1.13.2/STM32CubeIDE/plugins/com.st.stm32cube.ide.mcu.externaltools.gnu-tools-for-stm32.11.3.rel1.win32_1.1.1.202309131626/tools/bin/../lib/gcc/arm-none-eabi/11.3.1/../../../../arm-none-eabi/lib/thumb/v7e-m+fp/hard/crt0.o
LOAD ./CMSIS/src/system_stm32f4xx.o
LOAD ./FreeRTOS/src/croutine.o
LOAD ./FreeRTOS/src/event_groups.o
LOAD ./FreeRTOS/src/freertos.o
LOAD ./FreeRTOS/src/heap_4.o
LOAD ./FreeRTOS/src/list.o
LOAD ./FreeRTOS/src/port.o
LOAD ./FreeRTOS/src/queue.o
LOAD ./FreeRTOS/src/stream_buffer.o
LOAD ./FreeRTOS/src/tasks.o
LOAD ./FreeRTOS/src/timers.o
LOAD ./Src/CMD_Parse_Brightness.o
LOAD ./Src/GPIO_Init.o
LOAD ./Src/TIM2_PWM_Init.o
LOAD ./Src/USART_Init.o
LOAD ./Src/main.o
LOAD ./Src/syscalls.o
LOAD ./Src/sysmem.o
LOAD ./Startup/startup_stm32f401retx.o
START GROUP
LOAD C:/ST/STM32CubeIDE_1.13.2/STM32CubeIDE/plugins/com.st.stm32cube.ide.mcu.externaltools.gnu-tools-for-stm32.11.3.rel1.win32_1.1.1.202309131626/tools/bin/../lib/gcc/arm-none-eabi/11.3.1/../../../../arm-none-eabi/lib/thumb/v7e-m+fp/hard\libc_nano.a
LOAD C:/ST/STM32CubeIDE_1.13.2/STM32CubeIDE/plugins/com.st.stm32cube.ide.mcu.externaltools.gnu-tools-for-stm32.11.3.rel1.win32_1.1.1.202309131626/tools/bin/../lib/gcc/arm-none-eabi/11.3.1/../../../../arm-none-eabi/lib/thumb/v7e-m+fp/hard\libm.a
END GROUP
START GROUP
LOAD C:/ST/STM32CubeIDE_1.13.2/STM32CubeIDE/plugins/com.st.stm32cube.ide.mcu.externaltools.gnu-tools-for-stm32.11.3.rel1.win32_1.1.1.202309131626/tools/bin/../lib/gcc/arm-none-eabi/11.3.1/thumb/v7e-m+fp/hard\libgcc.a
LOAD C:/ST/STM32CubeIDE_1.13.2/STM32CubeIDE/plugins/com.st.stm32cube.ide.mcu.externaltools.gnu-tools-for-stm32.11.3.rel1.win32_1.1.1.202309131626/tools/bin/../lib/gcc/arm-none-eabi/11.3.1/../../../../arm-none-eabi/lib/thumb/v7e-m+fp/hard\libc_nano.a
END GROUP
START GROUP
LOAD C:/ST/STM32CubeIDE_1.13.2/STM32CubeIDE/plugins/com.st.stm32cube.ide.mcu.externaltools.gnu-tools-for-stm32.11.3.rel1.win32_1.1.1.202309131626/tools/bin/../lib/gcc/arm-none-eabi/11.3.1/thumb/v7e-m+fp/hard\libgcc.a
LOAD C:/ST/STM32CubeIDE_1.13.2/STM32CubeIDE/plugins/com.st.stm32cube.ide.mcu.externaltools.gnu-tools-for-stm32.11.3.rel1.win32_1.1.1.202309131626/tools/bin/../lib/gcc/arm-none-eabi/11.3.1/../../../../arm-none-eabi/lib/thumb/v7e-m+fp/hard\libc_nano.a
LOAD C:/ST/STM32CubeIDE_1.13.2/STM32CubeIDE/plugins/com.st.stm32cube.ide.mcu.externaltools.gnu-tools-for-stm32.11.3.rel1.win32_1.1.1.202309131626/tools/bin/../lib/gcc/arm-none-eabi/11.3.1/../../../../arm-none-eabi/lib/thumb/v7e-m+fp/hard\libnosys.a
END GROUP
START GROUP
LOAD C:/ST/STM32CubeIDE_1.13.2/STM32CubeIDE/plugins/com.st.stm32cube.ide.mcu.externaltools.gnu-tools-for-stm32.11.3.rel1.win32_1.1.1.202309131626/tools/bin/../lib/gcc/arm-none-eabi/11.3.1/thumb/v7e-m+fp/hard\libgcc.a
LOAD C:/ST/STM32CubeIDE_1.13.2/STM32CubeIDE/plugins/com.st.stm32cube.ide.mcu.externaltools.gnu-tools-for-stm32.11.3.rel1.win32_1.1.1.202309131626/tools/bin/../lib/gcc/arm-none-eabi/11.3.1/../../../../arm-none-eabi/lib/thumb/v7e-m+fp/hard\libc_nano.a
LOAD C:/ST/STM32CubeIDE_1.13.2/STM32CubeIDE/plugins/com.st.stm32cube.ide.mcu.externaltools.gnu-tools-for-stm32.11.3.rel1.win32_1.1.1.202309131626/tools/bin/../lib/gcc/arm-none-eabi/11.3.1/../../../../arm-none-eabi/lib/thumb/v7e-m+fp/hard\libnosys.a
END GROUP
LOAD C:/ST/STM32CubeIDE_1.13.2/STM32CubeIDE/plugins/com.st.stm32cube.ide.mcu.externaltools.gnu-tools-for-stm32.11.3.rel1.win32_1.1.1.202309131626/tools/bin/../lib/gcc/arm-none-eabi/11.3.1/thumb/v7e-m+fp/hard/crtend.o
LOAD C:/ST/STM32CubeIDE_1.13.2/STM32CubeIDE/plugins/com.st.stm32cube.ide.mcu.externaltools.gnu-tools-for-stm32.11.3.rel1.win32_1.1.1.202309131626/tools/bin/../lib/gcc/arm-none-eabi/11.3.1/thumb/v7e-m+fp/hard/crtn.o
                0x0000000020018000                _estack = (ORIGIN (RAM) + LENGTH (RAM))
                0x0000000000000200                _Min_Heap_Size = 0x200
                0x0000000000000400                _Min_Stack_Size = 0x400

.isr_vector     0x0000000008000000      0x194
                0x0000000008000000                . = ALIGN (0x4)
 *(.isr_vector)
 .isr_vector    0x0000000008000000      0x194 ./Startup/startup_stm32f401retx.o
                0x0000000008000000                g_pfnVectors
                0x0000000008000194                . = ALIGN (0x4)

.text           0x00000000080001a0     0x3314
                0x00000000080001a0                . = ALIGN (0x4)
 *(.text)
 .text          0x00000000080001a0       0x40 C:/ST/STM32CubeIDE_1.13.2/STM32CubeIDE/plugins/com.st.stm32cube.ide.mcu.externaltools.gnu-tools-for-stm32.11.3.rel1.win32_1.1.1.202309131626/tools/bin/../lib/gcc/arm-none-eabi/11.3.1/thumb/v7e-m+fp/hard/crtbegin.o
 .text          0x00000000080001e0       0xa0 C:/ST/STM32CubeIDE_1.13.2/STM32CubeIDE/plugins/com.st.stm32cube.ide.mcu.externaltools.gnu-tools-for-stm32.11.3.rel1.win32_1.1.1.202309131626/tools/bin/../lib/gcc/arm-none-eabi/11.3.1/../../../../arm-none-eabi/lib/thumb/v7e-m+fp/hard\libc_nano.a(libc_a-memchr.o)
                0x00000000080001e0                memchr
 *(.text*)
 .text.SystemInit
                0x0000000008000280       0x24 ./CMSIS/src/system_stm32f4xx.o
                0x0000000008000280                SystemInit
 .text.vApplicationGetIdleTaskMemory
                0x00000000080002a4       0x34 ./FreeRTOS/src/freertos.o
                0x00000000080002a4                vApplicationGetIdleTaskMemory
 .text.pvPortMalloc
                0x00000000080002d8      0x198 ./FreeRTOS/src/heap_4.o
                0x00000000080002d8                pvPortMalloc
 .text.vPortFree
                0x0000000008000470       0xc4 ./FreeRTOS/src/heap_4.o
                0x0000000008000470                vPortFree
 .text.prvHeapInit
                0x0000000008000534       0xc4 ./FreeRTOS/src/heap_4.o
 .text.prvInsertBlockIntoFreeList
                0x00000000080005f8       0xb4 ./FreeRTOS/src/heap_4.o
 .text.vListInitialise
                0x00000000080006ac       0x40 ./FreeRTOS/src/list.o
                0x00000000080006ac                vListInitialise
 .text.vListInitialiseItem
                0x00000000080006ec       0x1a ./FreeRTOS/src/list.o
                0x00000000080006ec                vListInitialiseItem
 .text.vListInsertEnd
                0x0000000008000706       0x48 ./FreeRTOS/src/list.o
                0x0000000008000706                vListInsertEnd
 .text.vListInsert
                0x000000000800074e       0x72 ./FreeRTOS/src/list.o
                0x000000000800074e                vListInsert
 .text.uxListRemove
                0x00000000080007c0       0x54 ./FreeRTOS/src/list.o
                0x00000000080007c0                uxListRemove
 .text.pxPortInitialiseStack
                0x0000000008000814       0x68 ./FreeRTOS/src/port.o
                0x0000000008000814                pxPortInitialiseStack
 .text.prvTaskExitError
                0x000000000800087c       0x58 ./FreeRTOS/src/port.o
 *fill*         0x00000000080008d4        0xc 
 .text.SVC_Handler
                0x00000000080008e0       0x28 ./FreeRTOS/src/port.o
                0x00000000080008e0                SVC_Handler
 .text.prvPortStartFirstTask
                0x0000000008000908       0x28 ./FreeRTOS/src/port.o
 .text.xPortStartScheduler
                0x0000000008000930      0x144 ./FreeRTOS/src/port.o
                0x0000000008000930                xPortStartScheduler
 .text.vPortEnterCritical
                0x0000000008000a74       0x60 ./FreeRTOS/src/port.o
                0x0000000008000a74                vPortEnterCritical
 .text.vPortExitCritical
                0x0000000008000ad4       0x54 ./FreeRTOS/src/port.o
                0x0000000008000ad4                vPortExitCritical
 *fill*         0x0000000008000b28        0x8 
 .text.PendSV_Handler
                0x0000000008000b30       0x68 ./FreeRTOS/src/port.o
                0x0000000008000b30                PendSV_Handler
 .text.SysTick_Handler
                0x0000000008000b98       0x44 ./FreeRTOS/src/port.o
                0x0000000008000b98                SysTick_Handler
 .text.vPortSetupTimerInterrupt
                0x0000000008000bdc       0x48 ./FreeRTOS/src/port.o
                0x0000000008000bdc                vPortSetupTimerInterrupt
 .text.vPortEnableVFP
                0x0000000008000c24       0x14 ./FreeRTOS/src/port.o
 .text.vPortValidateInterruptPriority
                0x0000000008000c38       0x80 ./FreeRTOS/src/port.o
                0x0000000008000c38                vPortValidateInterruptPriority
 .text.xQueueGenericReset
                0x0000000008000cb8       0xd0 ./FreeRTOS/src/queue.o
                0x0000000008000cb8                xQueueGenericReset
 .text.xQueueGenericCreate
                0x0000000008000d88       0x74 ./FreeRTOS/src/queue.o
                0x0000000008000d88                xQueueGenericCreate
 .text.prvInitialiseNewQueue
                0x0000000008000dfc       0x3e ./FreeRTOS/src/queue.o
 *fill*         0x0000000008000e3a        0x2 
 .text.xQueueGenericSend
                0x0000000008000e3c      0x1fc ./FreeRTOS/src/queue.o
                0x0000000008000e3c                xQueueGenericSend
 .text.xQueueGenericSendFromISR
                0x0000000008001038      0x136 ./FreeRTOS/src/queue.o
                0x0000000008001038                xQueueGenericSendFromISR
 *fill*         0x000000000800116e        0x2 
 .text.xQueueReceive
                0x0000000008001170      0x1c0 ./FreeRTOS/src/queue.o
                0x0000000008001170                xQueueReceive
 .text.uxQueueMessagesWaiting
                0x0000000008001330       0x3c ./FreeRTOS/src/queue.o
                0x0000000008001330                uxQueueMessagesWaiting
 .text.prvCopyDataToQueue
                0x000000000800136c       0xd4 ./FreeRTOS/src/queue.o
 .text.prvCopyDataFromQueue
                0x0000000008001440       0x4c ./FreeRTOS/src/queue.o
 .text.prvUnlockQueue
                0x000000000800148c       0xa4 ./FreeRTOS/src/queue.o
 .text.prvIsQueueEmpty
                0x0000000008001530       0x2c ./FreeRTOS/src/queue.o
 .text.prvIsQueueFull
                0x000000000800155c       0x30 ./FreeRTOS/src/queue.o
 .text.xTaskCreateStatic
                0x000000000800158c       0xba ./FreeRTOS/src/tasks.o
                0x000000000800158c                xTaskCreateStatic
 .text.xTaskCreate
                0x0000000008001646       0x8a ./FreeRTOS/src/tasks.o
                0x0000000008001646                xTaskCreate
 .text.prvInitialiseNewTask
                0x00000000080016d0      0x13c ./FreeRTOS/src/tasks.o
 .text.prvAddNewTaskToReadyList
                0x000000000800180c       0xd4 ./FreeRTOS/src/tasks.o
 .text.vTaskDelay
                0x00000000080018e0       0x68 ./FreeRTOS/src/tasks.o
                0x00000000080018e0                vTaskDelay
 .text.vTaskStartScheduler
                0x0000000008001948       0xd4 ./FreeRTOS/src/tasks.o
                0x0000000008001948                vTaskStartScheduler
 .text.vTaskSuspendAll
                0x0000000008001a1c       0x1c ./FreeRTOS/src/tasks.o
                0x0000000008001a1c                vTaskSuspendAll
 .text.xTaskResumeAll
                0x0000000008001a38      0x138 ./FreeRTOS/src/tasks.o
                0x0000000008001a38                xTaskResumeAll
 .text.xTaskIncrementTick
                0x0000000008001b70      0x170 ./FreeRTOS/src/tasks.o
                0x0000000008001b70                xTaskIncrementTick
 .text.vTaskSwitchContext
                0x0000000008001ce0       0xc4 ./FreeRTOS/src/tasks.o
                0x0000000008001ce0                vTaskSwitchContext
 .text.vTaskPlaceOnEventList
                0x0000000008001da4       0x48 ./FreeRTOS/src/tasks.o
                0x0000000008001da4                vTaskPlaceOnEventList
 .text.xTaskRemoveFromEventList
                0x0000000008001dec       0xc4 ./FreeRTOS/src/tasks.o
                0x0000000008001dec                xTaskRemoveFromEventList
 .text.vTaskInternalSetTimeOutState
                0x0000000008001eb0       0x2c ./FreeRTOS/src/tasks.o
                0x0000000008001eb0                vTaskInternalSetTimeOutState
 .text.xTaskCheckForTimeOut
                0x0000000008001edc       0xc4 ./FreeRTOS/src/tasks.o
                0x0000000008001edc                xTaskCheckForTimeOut
 .text.vTaskMissedYield
                0x0000000008001fa0       0x18 ./FreeRTOS/src/tasks.o
                0x0000000008001fa0                vTaskMissedYield
 .text.prvIdleTask
                0x0000000008001fb8       0x30 ./FreeRTOS/src/tasks.o
 .text.prvInitialiseTaskLists
                0x0000000008001fe8       0x80 ./FreeRTOS/src/tasks.o
 .text.prvCheckTasksWaitingTermination
                0x0000000008002068       0x5c ./FreeRTOS/src/tasks.o
 .text.prvDeleteTCB
                0x00000000080020c4       0x68 ./FreeRTOS/src/tasks.o
 .text.prvResetNextTaskUnblockTime
                0x000000000800212c       0x40 ./FreeRTOS/src/tasks.o
 .text.xTaskGetSchedulerState
                0x000000000800216c       0x3c ./FreeRTOS/src/tasks.o
                0x000000000800216c                xTaskGetSchedulerState
 .text.xTaskPriorityDisinherit
                0x00000000080021a8      0x10c ./FreeRTOS/src/tasks.o
                0x00000000080021a8                xTaskPriorityDisinherit
 .text.prvAddCurrentTaskToDelayedList
                0x00000000080022b4       0xcc ./FreeRTOS/src/tasks.o
 .text.CMD_Parse_Brightness
                0x0000000008002380       0x54 ./Src/CMD_Parse_Brightness.o
                0x0000000008002380                CMD_Parse_Brightness
 .text.GPIO_Init
                0x00000000080023d4       0x4c ./Src/GPIO_Init.o
                0x00000000080023d4                GPIO_Init
 .text.TIM2_PWM_Init
                0x0000000008002420       0xb8 ./Src/TIM2_PWM_Init.o
                0x0000000008002420                TIM2_PWM_Init
 .text.__NVIC_EnableIRQ
                0x00000000080024d8       0x3c ./Src/USART_Init.o
 .text.__NVIC_SetPriority
                0x0000000008002514       0x54 ./Src/USART_Init.o
 .text.USART_Init
                0x0000000008002568       0xb0 ./Src/USART_Init.o
                0x0000000008002568                USART_Init
 .text.USART_Send
                0x0000000008002618       0x30 ./Src/USART_Init.o
                0x0000000008002618                USART_Send
 .text.USART_Send_String
                0x0000000008002648       0x38 ./Src/USART_Init.o
                0x0000000008002648                USART_Send_String
 .text.main     0x0000000008002680       0x78 ./Src/main.o
                0x0000000008002680                main
 .text.vTaskLed
                0x00000000080026f8       0x40 ./Src/main.o
                0x00000000080026f8                vTaskLed
 .text.vTaskAT  0x0000000008002738      0x100 ./Src/main.o
                0x0000000008002738                vTaskAT
 .text.USART1_IRQHandler
                0x0000000008002838       0x6c ./Src/main.o
                0x0000000008002838                USART1_IRQHandler
 .text._sbrk    0x00000000080028a4       0x6c ./Src/sysmem.o
                0x00000000080028a4                _sbrk
 .text.Reset_Handler
                0x0000000008002910       0x50 ./Startup/startup_stm32f401retx.o
                0x0000000008002910                Reset_Handler
 .text.Default_Handler
                0x0000000008002960        0x2 ./Startup/startup_stm32f401retx.o
                0x0000000008002960                EXTI2_IRQHandler
                0x0000000008002960                DebugMon_Handler
                0x0000000008002960                SPI4_IRQHandler
                0x0000000008002960                TIM1_CC_IRQHandler
                0x0000000008002960                DMA2_Stream5_IRQHandler
                0x0000000008002960                HardFault_Handler
                0x0000000008002960                DMA1_Stream5_IRQHandler
                0x0000000008002960                SDIO_IRQHandler
                0x0000000008002960                TAMP_STAMP_IRQHandler
                0x0000000008002960                NMI_Handler
                0x0000000008002960                EXTI3_IRQHandler
                0x0000000008002960                TIM1_UP_TIM10_IRQHandler
                0x0000000008002960                I2C3_ER_IRQHandler
                0x0000000008002960                EXTI18_OTG_FS_WKUP_IRQHandler
                0x0000000008002960                EXTI0_IRQHandler
                0x0000000008002960                I2C2_EV_IRQHandler
                0x0000000008002960                DMA1_Stream2_IRQHandler
                0x0000000008002960                UsageFault_Handler
                0x0000000008002960                DMA2_Stream2_IRQHandler
                0x0000000008002960                SPI1_IRQHandler
                0x0000000008002960                TIM1_BRK_TIM9_IRQHandler
                0x0000000008002960                DMA2_Stream3_IRQHandler
                0x0000000008002960                USART6_IRQHandler
                0x0000000008002960                DMA2_Stream0_IRQHandler
                0x0000000008002960                TIM4_IRQHandler
                0x0000000008002960                I2C1_EV_IRQHandler
                0x0000000008002960                DMA1_Stream6_IRQHandler
                0x0000000008002960                DMA1_Stream1_IRQHandler
                0x0000000008002960                TIM3_IRQHandler
                0x0000000008002960                RCC_IRQHandler
                0x0000000008002960                Default_Handler
                0x0000000008002960                EXTI15_10_IRQHandler
                0x0000000008002960                ADC_IRQHandler
                0x0000000008002960                DMA1_Stream7_IRQHandler
                0x0000000008002960                TIM5_IRQHandler
                0x0000000008002960                DMA2_Stream7_IRQHandler
                0x0000000008002960                I2C3_EV_IRQHandler
                0x0000000008002960                EXTI9_5_IRQHandler
                0x0000000008002960                SPI2_IRQHandler
                0x0000000008002960                MemManage_Handler
                0x0000000008002960                DMA1_Stream0_IRQHandler
                0x0000000008002960                EXTI4_IRQHandler
                0x0000000008002960                EXTI22_RTC_WKUP_IRQHandler
                0x0000000008002960                TIM2_IRQHandler
                0x0000000008002960                EXTI16_PVD_IRQHandler
                0x0000000008002960                TIM1_TRG_COM_TIM11_IRQHandler
                0x0000000008002960                EXTI1_IRQHandler
                0x0000000008002960                EXTI17_RTC_Alarm_IRQHandler
                0x0000000008002960                USART2_IRQHandler
                0x0000000008002960                I2C2_ER_IRQHandler
                0x0000000008002960                DMA2_Stream1_IRQHandler
                0x0000000008002960                FLASH_IRQHandler
                0x0000000008002960                DMA2_Stream4_IRQHandler
                0x0000000008002960                BusFault_Handler
                0x0000000008002960                OTG_FS_IRQHandler
                0x0000000008002960                SPI3_IRQHandler
                0x0000000008002960                DMA1_Stream4_IRQHandler
                0x0000000008002960                I2C1_ER_IRQHandler
                0x0000000008002960                DMA2_Stream6_IRQHandler
                0x0000000008002960                DMA1_Stream3_IRQHandler
 .text.atoi     0x0000000008002962        0x8 C:/ST/STM32CubeIDE_1.13.2/STM32CubeIDE/plugins/com.st.stm32cube.ide.mcu.externaltools.gnu-tools-for-stm32.11.3.rel1.win32_1.1.1.202309131626/tools/bin/../lib/gcc/arm-none-eabi/11.3.1/../../../../arm-none-eabi/lib/thumb/v7e-m+fp/hard\libc_nano.a(libc_a-atoi.o)
                0x0000000008002962                atoi
 *fill*         0x000000000800296a        0x2 
 .text._strtol_l.constprop.0
                0x000000000800296c      0x104 C:/ST/STM32CubeIDE_1.13.2/STM32CubeIDE/plugins/com.st.stm32cube.ide.mcu.externaltools.gnu-tools-for-stm32.11.3.rel1.win32_1.1.1.202309131626/tools/bin/../lib/gcc/arm-none-eabi/11.3.1/../../../../arm-none-eabi/lib/thumb/v7e-m+fp/hard\libc_nano.a(libc_a-strtol.o)
 .text.strtol   0x0000000008002a70       0x14 C:/ST/STM32CubeIDE_1.13.2/STM32CubeIDE/plugins/com.st.stm32cube.ide.mcu.externaltools.gnu-tools-for-stm32.11.3.rel1.win32_1.1.1.202309131626/tools/bin/../lib/gcc/arm-none-eabi/11.3.1/../../../../arm-none-eabi/lib/thumb/v7e-m+fp/hard\libc_nano.a(libc_a-strtol.o)
                0x0000000008002a70                strtol
 .text.sprintf  0x0000000008002a84       0x40 C:/ST/STM32CubeIDE_1.13.2/STM32CubeIDE/plugins/com.st.stm32cube.ide.mcu.externaltools.gnu-tools-for-stm32.11.3.rel1.win32_1.1.1.202309131626/tools/bin/../lib/gcc/arm-none-eabi/11.3.1/../../../../arm-none-eabi/lib/thumb/v7e-m+fp/hard\libc_nano.a(libc_a-sprintf.o)
                0x0000000008002a84                siprintf
                0x0000000008002a84                sprintf
 .text.memset   0x0000000008002ac4       0x10 C:/ST/STM32CubeIDE_1.13.2/STM32CubeIDE/plugins/com.st.stm32cube.ide.mcu.externaltools.gnu-tools-for-stm32.11.3.rel1.win32_1.1.1.202309131626/tools/bin/../lib/gcc/arm-none-eabi/11.3.1/../../../../arm-none-eabi/lib/thumb/v7e-m+fp/hard\libc_nano.a(libc_a-memset.o)
                0x0000000008002ac4                memset
 .text.strncmp  0x0000000008002ad4       0x24 C:/ST/STM32CubeIDE_1.13.2/STM32CubeIDE/plugins/com.st.stm32cube.ide.mcu.externaltools.gnu-tools-for-stm32.11.3.rel1.win32_1.1.1.202309131626/tools/bin/../lib/gcc/arm-none-eabi/11.3.1/../../../../arm-none-eabi/lib/thumb/v7e-m+fp/hard\libc_nano.a(libc_a-strncmp.o)
                0x0000000008002ad4                strncmp
 .text._reclaim_reent
                0x0000000008002af8       0xac C:/ST/STM32CubeIDE_1.13.2/STM32CubeIDE/plugins/com.st.stm32cube.ide.mcu.externaltools.gnu-tools-for-stm32.11.3.rel1.win32_1.1.1.202309131626/tools/bin/../lib/gcc/arm-none-eabi/11.3.1/../../../../arm-none-eabi/lib/thumb/v7e-m+fp/hard\libc_nano.a(libc_a-reent.o)
                0x0000000008002af8                _reclaim_reent
 .text.__errno  0x0000000008002ba4        0xc C:/ST/STM32CubeIDE_1.13.2/STM32CubeIDE/plugins/com.st.stm32cube.ide.mcu.externaltools.gnu-tools-for-stm32.11.3.rel1.win32_1.1.1.202309131626/tools/bin/../lib/gcc/arm-none-eabi/11.3.1/../../../../arm-none-eabi/lib/thumb/v7e-m+fp/hard\libc_nano.a(libc_a-errno.o)
                0x0000000008002ba4                __errno
 .text.__libc_init_array
                0x0000000008002bb0       0x48 C:/ST/STM32CubeIDE_1.13.2/STM32CubeIDE/plugins/com.st.stm32cube.ide.mcu.externaltools.gnu-tools-for-stm32.11.3.rel1.win32_1.1.1.202309131626/tools/bin/../lib/gcc/arm-none-eabi/11.3.1/../../../../arm-none-eabi/lib/thumb/v7e-m+fp/hard\libc_nano.a(libc_a-init.o)
                0x0000000008002bb0                __libc_init_array
 .text.__retarget_lock_acquire_recursive
                0x0000000008002bf8        0x2 C:/ST/STM32CubeIDE_1.13.2/STM32CubeIDE/plugins/com.st.stm32cube.ide.mcu.externaltools.gnu-tools-for-stm32.11.3.rel1.win32_1.1.1.202309131626/tools/bin/../lib/gcc/arm-none-eabi/11.3.1/../../../../arm-none-eabi/lib/thumb/v7e-m+fp/hard\libc_nano.a(libc_a-lock.o)
                0x0000000008002bf8                __retarget_lock_acquire_recursive
 .text.__retarget_lock_release_recursive
                0x0000000008002bfa        0x2 C:/ST/STM32CubeIDE_1.13.2/STM32CubeIDE/plugins/com.st.stm32cube.ide.mcu.externaltools.gnu-tools-for-stm32.11.3.rel1.win32_1.1.1.202309131626/tools/bin/../lib/gcc/arm-none-eabi/11.3.1/../../../../arm-none-eabi/lib/thumb/v7e-m+fp/hard\libc_nano.a(libc_a-lock.o)
                0x0000000008002bfa                __retarget_lock_release_recursive
 .text.memcpy   0x0000000008002bfc       0x1c C:/ST/STM32CubeIDE_1.13.2/STM32CubeIDE/plugins/com.st.stm32cube.ide.mcu.externaltools.gnu-tools-for-stm32.11.3.rel1.win32_1.1.1.202309131626/tools/bin/../lib/gcc/arm-none-eabi/11.3.1/../../../../arm-none-eabi/lib/thumb/v7e-m+fp/hard\libc_nano.a(libc_a-memcpy-stub.o)
                0x0000000008002bfc                memcpy
 .text._free_r  0x0000000008002c18       0x98 C:/ST/STM32CubeIDE_1.13.2/STM32CubeIDE/plugins/com.st.stm32cube.ide.mcu.externaltools.gnu-tools-for-stm32.11.3.rel1.win32_1.1.1.202309131626/tools/bin/../lib/gcc/arm-none-eabi/11.3.1/../../../../arm-none-eabi/lib/thumb/v7e-m+fp/hard\libc_nano.a(libc_a-freer.o)
                0x0000000008002c18                _free_r
 .text.sbrk_aligned
                0x0000000008002cb0       0x40 C:/ST/STM32CubeIDE_1.13.2/STM32CubeIDE/plugins/com.st.stm32cube.ide.mcu.externaltools.gnu-tools-for-stm32.11.3.rel1.win32_1.1.1.202309131626/tools/bin/../lib/gcc/arm-none-eabi/11.3.1/../../../../arm-none-eabi/lib/thumb/v7e-m+fp/hard\libc_nano.a(libc_a-mallocr.o)
 .text._malloc_r
                0x0000000008002cf0      0x100 C:/ST/STM32CubeIDE_1.13.2/STM32CubeIDE/plugins/com.st.stm32cube.ide.mcu.externaltools.gnu-tools-for-stm32.11.3.rel1.win32_1.1.1.202309131626/tools/bin/../lib/gcc/arm-none-eabi/11.3.1/../../../../arm-none-eabi/lib/thumb/v7e-m+fp/hard\libc_nano.a(libc_a-mallocr.o)
                0x0000000008002cf0                _malloc_r
 .text.__malloc_lock
                0x0000000008002df0        0xc C:/ST/STM32CubeIDE_1.13.2/STM32CubeIDE/plugins/com.st.stm32cube.ide.mcu.externaltools.gnu-tools-for-stm32.11.3.rel1.win32_1.1.1.202309131626/tools/bin/../lib/gcc/arm-none-eabi/11.3.1/../../../../arm-none-eabi/lib/thumb/v7e-m+fp/hard\libc_nano.a(libc_a-mlock.o)
                0x0000000008002df0                __malloc_lock
 .text.__malloc_unlock
                0x0000000008002dfc        0xc C:/ST/STM32CubeIDE_1.13.2/STM32CubeIDE/plugins/com.st.stm32cube.ide.mcu.externaltools.gnu-tools-for-stm32.11.3.rel1.win32_1.1.1.202309131626/tools/bin/../lib/gcc/arm-none-eabi/11.3.1/../../../../arm-none-eabi/lib/thumb/v7e-m+fp/hard\libc_nano.a(libc_a-mlock.o)
                0x0000000008002dfc                __malloc_unlock
 .text.__ssputs_r
                0x0000000008002e08       0xb4 C:/ST/STM32CubeIDE_1.13.2/STM32CubeIDE/plugins/com.st.stm32cube.ide.mcu.externaltools.gnu-tools-for-stm32.11.3.rel1.win32_1.1.1.202309131626/tools/bin/../lib/gcc/arm-none-eabi/11.3.1/../../../../arm-none-eabi/lib/thumb/v7e-m+fp/hard\libc_nano.a(libc_a-nano-svfprintf.o)
                0x0000000008002e08                __ssputs_r
 .text._svfprintf_r
                0x0000000008002ebc      0x1fc C:/ST/STM32CubeIDE_1.13.2/STM32CubeIDE/plugins/com.st.stm32cube.ide.mcu.externaltools.gnu-tools-for-stm32.11.3.rel1.win32_1.1.1.202309131626/tools/bin/../lib/gcc/arm-none-eabi/11.3.1/../../../../arm-none-eabi/lib/thumb/v7e-m+fp/hard\libc_nano.a(libc_a-nano-svfprintf.o)
                0x0000000008002ebc                _svfiprintf_r
                0x0000000008002ebc                _svfprintf_r
 .text._printf_common
                0x00000000080030b8       0xda C:/ST/STM32CubeIDE_1.13.2/STM32CubeIDE/plugins/com.st.stm32cube.ide.mcu.externaltools.gnu-tools-for-stm32.11.3.rel1.win32_1.1.1.202309131626/tools/bin/../lib/gcc/arm-none-eabi/11.3.1/../../../../arm-none-eabi/lib/thumb/v7e-m+fp/hard\libc_nano.a(libc_a-nano-vfprintf_i.o)
                0x00000000080030b8                _printf_common
 *fill*         0x0000000008003192        0x2 
 .text._printf_i
                0x0000000008003194      0x244 C:/ST/STM32CubeIDE_1.13.2/STM32CubeIDE/plugins/com.st.stm32cube.ide.mcu.externaltools.gnu-tools-for-stm32.11.3.rel1.win32_1.1.1.202309131626/tools/bin/../lib/gcc/arm-none-eabi/11.3.1/../../../../arm-none-eabi/lib/thumb/v7e-m+fp/hard\libc_nano.a(libc_a-nano-vfprintf_i.o)
                0x0000000008003194                _printf_i
 .text.memmove  0x00000000080033d8       0x34 C:/ST/STM32CubeIDE_1.13.2/STM32CubeIDE/plugins/com.st.stm32cube.ide.mcu.externaltools.gnu-tools-for-stm32.11.3.rel1.win32_1.1.1.202309131626/tools/bin/../lib/gcc/arm-none-eabi/11.3.1/../../../../arm-none-eabi/lib/thumb/v7e-m+fp/hard\libc_nano.a(libc_a-memmove.o)
                0x00000000080033d8                memmove
 .text._sbrk_r  0x000000000800340c       0x20 C:/ST/STM32CubeIDE_1.13.2/STM32CubeIDE/plugins/com.st.stm32cube.ide.mcu.externaltools.gnu-tools-for-stm32.11.3.rel1.win32_1.1.1.202309131626/tools/bin/../lib/gcc/arm-none-eabi/11.3.1/../../../../arm-none-eabi/lib/thumb/v7e-m+fp/hard\libc_nano.a(libc_a-sbrkr.o)
                0x000000000800340c                _sbrk_r
 .text._realloc_r
                0x000000000800342c       0x5e C:/ST/STM32CubeIDE_1.13.2/STM32CubeIDE/plugins/com.st.stm32cube.ide.mcu.externaltools.gnu-tools-for-stm32.11.3.rel1.win32_1.1.1.202309131626/tools/bin/../lib/gcc/arm-none-eabi/11.3.1/../../../../arm-none-eabi/lib/thumb/v7e-m+fp/hard\libc_nano.a(libc_a-reallocr.o)
                0x000000000800342c                _realloc_r
 .text._malloc_usable_size_r
                0x000000000800348a       0x10 C:/ST/STM32CubeIDE_1.13.2/STM32CubeIDE/plugins/com.st.stm32cube.ide.mcu.externaltools.gnu-tools-for-stm32.11.3.rel1.win32_1.1.1.202309131626/tools/bin/../lib/gcc/arm-none-eabi/11.3.1/../../../../arm-none-eabi/lib/thumb/v7e-m+fp/hard\libc_nano.a(libc_a-msizer.o)
                0x000000000800348a                _malloc_usable_size_r
 *(.glue_7)
 .glue_7        0x000000000800349a        0x0 linker stubs
 *(.glue_7t)
 .glue_7t       0x000000000800349a        0x0 linker stubs
 *(.eh_frame)
 *fill*         0x000000000800349a        0x2 
 .eh_frame      0x000000000800349c        0x0 C:/ST/STM32CubeIDE_1.13.2/STM32CubeIDE/plugins/com.st.stm32cube.ide.mcu.externaltools.gnu-tools-for-stm32.11.3.rel1.win32_1.1.1.202309131626/tools/bin/../lib/gcc/arm-none-eabi/11.3.1/thumb/v7e-m+fp/hard/crtbegin.o
 *(.init)
 .init          0x000000000800349c        0x4 C:/ST/STM32CubeIDE_1.13.2/STM32CubeIDE/plugins/com.st.stm32cube.ide.mcu.externaltools.gnu-tools-for-stm32.11.3.rel1.win32_1.1.1.202309131626/tools/bin/../lib/gcc/arm-none-eabi/11.3.1/thumb/v7e-m+fp/hard/crti.o
                0x000000000800349c                _init
 .init          0x00000000080034a0        0x8 C:/ST/STM32CubeIDE_1.13.2/STM32CubeIDE/plugins/com.st.stm32cube.ide.mcu.externaltools.gnu-tools-for-stm32.11.3.rel1.win32_1.1.1.202309131626/tools/bin/../lib/gcc/arm-none-eabi/11.3.1/thumb/v7e-m+fp/hard/crtn.o
 *(.fini)
 .fini          0x00000000080034a8        0x4 C:/ST/STM32CubeIDE_1.13.2/STM32CubeIDE/plugins/com.st.stm32cube.ide.mcu.externaltools.gnu-tools-for-stm32.11.3.rel1.win32_1.1.1.202309131626/tools/bin/../lib/gcc/arm-none-eabi/11.3.1/thumb/v7e-m+fp/hard/crti.o
                0x00000000080034a8                _fini
 .fini          0x00000000080034ac        0x8 C:/ST/STM32CubeIDE_1.13.2/STM32CubeIDE/plugins/com.st.stm32cube.ide.mcu.externaltools.gnu-tools-for-stm32.11.3.rel1.win32_1.1.1.202309131626/tools/bin/../lib/gcc/arm-none-eabi/11.3.1/thumb/v7e-m+fp/hard/crtn.o
                0x00000000080034b4                . = ALIGN (0x4)
                0x00000000080034b4                _etext = .

.vfp11_veneer   0x00000000080034b4        0x0
 .vfp11_veneer  0x00000000080034b4        0x0 linker stubs

.v4_bx          0x00000000080034b4        0x0
 .v4_bx         0x00000000080034b4        0x0 linker stubs

.iplt           0x00000000080034b4        0x0
 .iplt          0x00000000080034b4        0x0 C:/ST/STM32CubeIDE_1.13.2/STM32CubeIDE/plugins/com.st.stm32cube.ide.mcu.externaltools.gnu-tools-for-stm32.11.3.rel1.win32_1.1.1.202309131626/tools/bin/../lib/gcc/arm-none-eabi/11.3.1/thumb/v7e-m+fp/hard/crtbegin.o

.rodata         0x00000000080034b4      0x178
                0x00000000080034b4                . = ALIGN (0x4)
 *(.rodata)
 .rodata        0x00000000080034b4        0x5 ./FreeRTOS/src/tasks.o
 *fill*         0x00000000080034b9        0x3 
 .rodata        0x00000000080034bc       0x10 ./Src/CMD_Parse_Brightness.o
 .rodata        0x00000000080034cc       0x29 ./Src/main.o
 *(.rodata*)
 .rodata._ctype_
                0x00000000080034f5      0x101 C:/ST/STM32CubeIDE_1.13.2/STM32CubeIDE/plugins/com.st.stm32cube.ide.mcu.externaltools.gnu-tools-for-stm32.11.3.rel1.win32_1.1.1.202309131626/tools/bin/../lib/gcc/arm-none-eabi/11.3.1/../../../../arm-none-eabi/lib/thumb/v7e-m+fp/hard\libc_nano.a(libc_a-ctype_.o)
                0x00000000080034f5                _ctype_
 .rodata._svfprintf_r.str1.1
                0x00000000080035f6       0x11 C:/ST/STM32CubeIDE_1.13.2/STM32CubeIDE/plugins/com.st.stm32cube.ide.mcu.externaltools.gnu-tools-for-stm32.11.3.rel1.win32_1.1.1.202309131626/tools/bin/../lib/gcc/arm-none-eabi/11.3.1/../../../../arm-none-eabi/lib/thumb/v7e-m+fp/hard\libc_nano.a(libc_a-nano-svfprintf.o)
 .rodata._printf_i.str1.1
                0x0000000008003607       0x22 C:/ST/STM32CubeIDE_1.13.2/STM32CubeIDE/plugins/com.st.stm32cube.ide.mcu.externaltools.gnu-tools-for-stm32.11.3.rel1.win32_1.1.1.202309131626/tools/bin/../lib/gcc/arm-none-eabi/11.3.1/../../../../arm-none-eabi/lib/thumb/v7e-m+fp/hard\libc_nano.a(libc_a-nano-vfprintf_i.o)
                0x000000000800362c                . = ALIGN (0x4)
 *fill*         0x0000000008003629        0x3 

.rel.dyn        0x000000000800362c        0x0
 .rel.iplt      0x000000000800362c        0x0 C:/ST/STM32CubeIDE_1.13.2/STM32CubeIDE/plugins/com.st.stm32cube.ide.mcu.externaltools.gnu-tools-for-stm32.11.3.rel1.win32_1.1.1.202309131626/tools/bin/../lib/gcc/arm-none-eabi/11.3.1/thumb/v7e-m+fp/hard/crtbegin.o

.ARM.extab      0x000000000800362c        0x0
                0x000000000800362c                . = ALIGN (0x4)
 *(.ARM.extab* .gnu.linkonce.armextab.*)
                0x000000000800362c                . = ALIGN (0x4)

.ARM            0x000000000800362c        0x0
                0x000000000800362c                . = ALIGN (0x4)
                0x000000000800362c                __exidx_start = .
 *(.ARM.exidx*)
                0x000000000800362c                __exidx_end = .
                0x000000000800362c                . = ALIGN (0x4)

.preinit_array  0x000000000800362c        0x0
                0x000000000800362c                . = ALIGN (0x4)
                0x000000000800362c                PROVIDE (__preinit_array_start = .)
 *(.preinit_array*)
                0x000000000800362c                PROVIDE (__preinit_array_end = .)
                0x000000000800362c                . = ALIGN (0x4)

.init_array     0x000000000800362c        0x4
                0x000000000800362c                . = ALIGN (0x4)
                0x000000000800362c                PROVIDE (__init_array_start = .)
 *(SORT_BY_NAME(.init_array.*))
 *(.init_array*)
 .init_array    0x000000000800362c        0x4 C:/ST/STM32CubeIDE_1.13.2/STM32CubeIDE/plugins/com.st.stm32cube.ide.mcu.externaltools.gnu-tools-for-stm32.11.3.rel1.win32_1.1.1.202309131626/tools/bin/../lib/gcc/arm-none-eabi/11.3.1/thumb/v7e-m+fp/hard/crtbegin.o
                0x0000000008003630                PROVIDE (__init_array_end = .)
                0x0000000008003630                . = ALIGN (0x4)

.fini_array     0x0000000008003630        0x4
                0x0000000008003630                . = ALIGN (0x4)
                [!provide]                        PROVIDE (__fini_array_start = .)
 *(SORT_BY_NAME(.fini_array.*))
 *(.fini_array*)
 .fini_array    0x0000000008003630        0x4 C:/ST/STM32CubeIDE_1.13.2/STM32CubeIDE/plugins/com.st.stm32cube.ide.mcu.externaltools.gnu-tools-for-stm32.11.3.rel1.win32_1.1.1.202309131626/tools/bin/../lib/gcc/arm-none-eabi/11.3.1/thumb/v7e-m+fp/hard/crtbegin.o
                [!provide]                        PROVIDE (__fini_array_end = .)
                0x0000000008003634                . = ALIGN (0x4)
                0x0000000008003634                _sidata = LOADADDR (.data)

.data           0x0000000020000000       0x58 load address 0x0000000008003634
                0x0000000020000000                . = ALIGN (0x4)
                0x0000000020000000                _sdata = .
 *(.data)
 *(.data*)
 .data.SystemCoreClock
                0x0000000020000000        0x4 ./CMSIS/src/system_stm32f4xx.o
                0x0000000020000000                SystemCoreClock
 .data.uxCriticalNesting
                0x0000000020000004        0x4 ./FreeRTOS/src/port.o
 .data._impure_data
                0x0000000020000008       0x4c C:/ST/STM32CubeIDE_1.13.2/STM32CubeIDE/plugins/com.st.stm32cube.ide.mcu.externaltools.gnu-tools-for-stm32.11.3.rel1.win32_1.1.1.202309131626/tools/bin/../lib/gcc/arm-none-eabi/11.3.1/../../../../arm-none-eabi/lib/thumb/v7e-m+fp/hard\libc_nano.a(libc_a-impure.o)
                0x0000000020000008                _impure_data
 .data._impure_ptr
                0x0000000020000054        0x4 C:/ST/STM32CubeIDE_1.13.2/STM32CubeIDE/plugins/com.st.stm32cube.ide.mcu.externaltools.gnu-tools-for-stm32.11.3.rel1.win32_1.1.1.202309131626/tools/bin/../lib/gcc/arm-none-eabi/11.3.1/../../../../arm-none-eabi/lib/thumb/v7e-m+fp/hard\libc_nano.a(libc_a-impure.o)
                0x0000000020000054                _impure_ptr
 *(.RamFunc)
 *(.RamFunc*)
                0x0000000020000058                . = ALIGN (0x4)
                0x0000000020000058                _edata = .

.igot.plt       0x0000000020000058        0x0 load address 0x000000000800368c
 .igot.plt      0x0000000020000058        0x0 C:/ST/STM32CubeIDE_1.13.2/STM32CubeIDE/plugins/com.st.stm32cube.ide.mcu.externaltools.gnu-tools-for-stm32.11.3.rel1.win32_1.1.1.202309131626/tools/bin/../lib/gcc/arm-none-eabi/11.3.1/thumb/v7e-m+fp/hard/crtbegin.o
                0x0000000020000058                . = ALIGN (0x4)

.bss            0x0000000020000058     0x4170 load address 0x000000000800368c
                0x0000000020000058                _sbss = .
                0x0000000020000058                __bss_start__ = _sbss
 *(.bss)
 .bss           0x0000000020000058       0x1c C:/ST/STM32CubeIDE_1.13.2/STM32CubeIDE/plugins/com.st.stm32cube.ide.mcu.externaltools.gnu-tools-for-stm32.11.3.rel1.win32_1.1.1.202309131626/tools/bin/../lib/gcc/arm-none-eabi/11.3.1/thumb/v7e-m+fp/hard/crtbegin.o
 *(.bss*)
 .bss.xIdleTaskTCBBuffer
                0x0000000020000074       0xa0 ./FreeRTOS/src/freertos.o
 .bss.xIdleStack
                0x0000000020000114      0x200 ./FreeRTOS/src/freertos.o
 .bss.ucHeap    0x0000000020000314     0x3c00 ./FreeRTOS/src/heap_4.o
 .bss.xStart    0x0000000020003f14        0x8 ./FreeRTOS/src/heap_4.o
 .bss.pxEnd     0x0000000020003f1c        0x4 ./FreeRTOS/src/heap_4.o
 .bss.xFreeBytesRemaining
                0x0000000020003f20        0x4 ./FreeRTOS/src/heap_4.o
 .bss.xMinimumEverFreeBytesRemaining
                0x0000000020003f24        0x4 ./FreeRTOS/src/heap_4.o
 .bss.xNumberOfSuccessfulAllocations
                0x0000000020003f28        0x4 ./FreeRTOS/src/heap_4.o
 .bss.xNumberOfSuccessfulFrees
                0x0000000020003f2c        0x4 ./FreeRTOS/src/heap_4.o
 .bss.xBlockAllocatedBit
                0x0000000020003f30        0x4 ./FreeRTOS/src/heap_4.o
 .bss.ucMaxSysCallPriority
                0x0000000020003f34        0x1 ./FreeRTOS/src/port.o
 *fill*         0x0000000020003f35        0x3 
 .bss.ulMaxPRIGROUPValue
                0x0000000020003f38        0x4 ./FreeRTOS/src/port.o
 .bss.pxCurrentTCB
                0x0000000020003f3c        0x4 ./FreeRTOS/src/tasks.o
                0x0000000020003f3c                pxCurrentTCB
 .bss.pxReadyTasksLists
                0x0000000020003f40       0x8c ./FreeRTOS/src/tasks.o
 .bss.xDelayedTaskList1
                0x0000000020003fcc       0x14 ./FreeRTOS/src/tasks.o
 .bss.xDelayedTaskList2
                0x0000000020003fe0       0x14 ./FreeRTOS/src/tasks.o
 .bss.pxDelayedTaskList
                0x0000000020003ff4        0x4 ./FreeRTOS/src/tasks.o
 .bss.pxOverflowDelayedTaskList
                0x0000000020003ff8        0x4 ./FreeRTOS/src/tasks.o
 .bss.xPendingReadyList
                0x0000000020003ffc       0x14 ./FreeRTOS/src/tasks.o
 .bss.xTasksWaitingTermination
                0x0000000020004010       0x14 ./FreeRTOS/src/tasks.o
 .bss.uxDeletedTasksWaitingCleanUp
                0x0000000020004024        0x4 ./FreeRTOS/src/tasks.o
 .bss.xSuspendedTaskList
                0x0000000020004028       0x14 ./FreeRTOS/src/tasks.o
 .bss.uxCurrentNumberOfTasks
                0x000000002000403c        0x4 ./FreeRTOS/src/tasks.o
 .bss.xTickCount
                0x0000000020004040        0x4 ./FreeRTOS/src/tasks.o
 .bss.uxTopReadyPriority
                0x0000000020004044        0x4 ./FreeRTOS/src/tasks.o
 .bss.xSchedulerRunning
                0x0000000020004048        0x4 ./FreeRTOS/src/tasks.o
 .bss.xPendedTicks
                0x000000002000404c        0x4 ./FreeRTOS/src/tasks.o
 .bss.xYieldPending
                0x0000000020004050        0x4 ./FreeRTOS/src/tasks.o
 .bss.xNumOfOverflows
                0x0000000020004054        0x4 ./FreeRTOS/src/tasks.o
 .bss.uxTaskNumber
                0x0000000020004058        0x4 ./FreeRTOS/src/tasks.o
 .bss.xNextTaskUnblockTime
                0x000000002000405c        0x4 ./FreeRTOS/src/tasks.o
 .bss.xIdleTaskHandle
                0x0000000020004060        0x4 ./FreeRTOS/src/tasks.o
 .bss.uxSchedulerSuspended
                0x0000000020004064        0x4 ./FreeRTOS/src/tasks.o
 .bss.xCmdQueue
                0x0000000020004068        0x4 ./Src/main.o
                0x0000000020004068                xCmdQueue
 .bss.xLedQueue
                0x000000002000406c        0x4 ./Src/main.o
                0x000000002000406c                xLedQueue
 .bss.linearBuffer.0
                0x0000000020004070        0xb ./Src/main.o
 *fill*         0x000000002000407b        0x1 
 .bss.__sbrk_heap_end
                0x000000002000407c        0x4 ./Src/sysmem.o
 .bss.__sf      0x0000000020004080      0x138 C:/ST/STM32CubeIDE_1.13.2/STM32CubeIDE/plugins/com.st.stm32cube.ide.mcu.externaltools.gnu-tools-for-stm32.11.3.rel1.win32_1.1.1.202309131626/tools/bin/../lib/gcc/arm-none-eabi/11.3.1/../../../../arm-none-eabi/lib/thumb/v7e-m+fp/hard\libc_nano.a(libc_a-findfp.o)
                0x0000000020004080                __sf
 .bss.errno     0x00000000200041b8        0x4 C:/ST/STM32CubeIDE_1.13.2/STM32CubeIDE/plugins/com.st.stm32cube.ide.mcu.externaltools.gnu-tools-for-stm32.11.3.rel1.win32_1.1.1.202309131626/tools/bin/../lib/gcc/arm-none-eabi/11.3.1/../../../../arm-none-eabi/lib/thumb/v7e-m+fp/hard\libc_nano.a(libc_a-reent.o)
                0x00000000200041b8                errno
 .bss.__lock___malloc_recursive_mutex
                0x00000000200041bc        0x1 C:/ST/STM32CubeIDE_1.13.2/STM32CubeIDE/plugins/com.st.stm32cube.ide.mcu.externaltools.gnu-tools-for-stm32.11.3.rel1.win32_1.1.1.202309131626/tools/bin/../lib/gcc/arm-none-eabi/11.3.1/../../../../arm-none-eabi/lib/thumb/v7e-m+fp/hard\libc_nano.a(libc_a-lock.o)
                0x00000000200041bc                __lock___malloc_recursive_mutex
 *fill*         0x00000000200041bd        0x3 
 .bss.__malloc_free_list
                0x00000000200041c0        0x4 C:/ST/STM32CubeIDE_1.13.2/STM32CubeIDE/plugins/com.st.stm32cube.ide.mcu.externaltools.gnu-tools-for-stm32.11.3.rel1.win32_1.1.1.202309131626/tools/bin/../lib/gcc/arm-none-eabi/11.3.1/../../../../arm-none-eabi/lib/thumb/v7e-m+fp/hard\libc_nano.a(libc_a-mallocr.o)
                0x00000000200041c0                __malloc_free_list
 .bss.__malloc_sbrk_start
                0x00000000200041c4        0x4 C:/ST/STM32CubeIDE_1.13.2/STM32CubeIDE/plugins/com.st.stm32cube.ide.mcu.externaltools.gnu-tools-for-stm32.11.3.rel1.win32_1.1.1.202309131626/tools/bin/../lib/gcc/arm-none-eabi/11.3.1/../../../../arm-none-eabi/lib/thumb/v7e-m+fp/hard\libc_nano.a(libc_a-mallocr.o)
                0x00000000200041c4                __malloc_sbrk_start
 *(COMMON)
                0x00000000200041c8                . = ALIGN (0x4)
                0x00000000200041c8                _ebss = .
                0x00000000200041c8                __bss_end__ = _ebss

._user_heap_stack
                0x00000000200041c8      0x600 load address 0x000000000800368c
                0x00000000200041c8                . = ALIGN (0x8)
                [!provide]                        PROVIDE (end = .)
                0x00000000200041c8                PROVIDE (_end = .)
                0x00000000200043c8                . = (. + _Min_Heap_Size)
 *fill*         0x00000000200041c8      0x200 
                0x00000000200047c8                . = (. + _Min_Stack_Size)
 *fill*         0x00000000200043c8      0x400 
                0x00000000200047c8                . = ALIGN (0x8)

/DISCARD/
 libc.a(*)
 libm.a(*)
 libgcc.a(*)

.ARM.attributes
                0x0000000000000000       0x30
 *(.ARM.attributes)
 .ARM.attributes
                0x0000000000000000       0x1e C:/ST/STM32CubeIDE_1.13.2/STM32CubeIDE/plugins/com.st.stm32cube.ide.mcu.externaltools.gnu-tools-for-stm32.11.3.rel1.win32_1.1.1.202309131626/tools/bin/../lib/gcc/arm-none-eabi/11.3.1/thumb/v7e-m+fp/hard/crti.o
 .ARM.attributes
                0x000000000000001e       0x34 C:/ST/STM32CubeIDE_1.13.2/STM32CubeIDE/plugins/com.st.stm32cube.ide.mcu.externaltools.gnu-tools-for-stm32.11.3.rel1.win32_1.1.1.202309131626/tools/bin/../lib/gcc/arm-none-eabi/11.3.1/thumb/v7e-m+fp/hard/crtbegin.o
 .ARM.attributes
                0x0000000000000052       0x34 ./CMSIS/src/system_stm32f4xx.o
 .ARM.attributes
                0x0000000000000086       0x34 ./FreeRTOS/src/freertos.o
 .ARM.attributes
                0x00000000000000ba       0x34 ./FreeRTOS/src/heap_4.o
 .ARM.attributes
                0x00000000000000ee       0x34 ./FreeRTOS/src/list.o
 .ARM.attributes
                0x0000000000000122       0x34 ./FreeRTOS/src/port.o
 .ARM.attributes
                0x0000000000000156       0x34 ./FreeRTOS/src/queue.o
 .ARM.attributes
                0x000000000000018a       0x34 ./FreeRTOS/src/tasks.o
 .ARM.attributes
                0x00000000000001be       0x34 ./Src/CMD_Parse_Brightness.o
 .ARM.attributes
                0x00000000000001f2       0x34 ./Src/GPIO_Init.o
 .ARM.attributes
                0x0000000000000226       0x34 ./Src/TIM2_PWM_Init.o
 .ARM.attributes
                0x000000000000025a       0x34 ./Src/USART_Init.o
 .ARM.attributes
                0x000000000000028e       0x34 ./Src/main.o
 .ARM.attributes
                0x00000000000002c2       0x34 ./Src/sysmem.o
 .ARM.attributes
                0x00000000000002f6       0x21 ./Startup/startup_stm32f401retx.o
 .ARM.attributes
                0x0000000000000317       0x34 C:/ST/STM32CubeIDE_1.13.2/STM32CubeIDE/plugins/com.st.stm32cube.ide.mcu.externaltools.gnu-tools-for-stm32.11.3.rel1.win32_1.1.1.202309131626/tools/bin/../lib/gcc/arm-none-eabi/11.3.1/../../../../arm-none-eabi/lib/thumb/v7e-m+fp/hard\libc_nano.a(libc_a-atoi.o)
 .ARM.attributes
                0x000000000000034b       0x34 C:/ST/STM32CubeIDE_1.13.2/STM32CubeIDE/plugins/com.st.stm32cube.ide.mcu.externaltools.gnu-tools-for-stm32.11.3.rel1.win32_1.1.1.202309131626/tools/bin/../lib/gcc/arm-none-eabi/11.3.1/../../../../arm-none-eabi/lib/thumb/v7e-m+fp/hard\libc_nano.a(libc_a-strtol.o)
 .ARM.attributes
                0x000000000000037f       0x34 C:/ST/STM32CubeIDE_1.13.2/STM32CubeIDE/plugins/com.st.stm32cube.ide.mcu.externaltools.gnu-tools-for-stm32.11.3.rel1.win32_1.1.1.202309131626/tools/bin/../lib/gcc/arm-none-eabi/11.3.1/../../../../arm-none-eabi/lib/thumb/v7e-m+fp/hard\libc_nano.a(libc_a-ctype_.o)
 .ARM.attributes
                0x00000000000003b3       0x34 C:/ST/STM32CubeIDE_1.13.2/STM32CubeIDE/plugins/com.st.stm32cube.ide.mcu.externaltools.gnu-tools-for-stm32.11.3.rel1.win32_1.1.1.202309131626/tools/bin/../lib/gcc/arm-none-eabi/11.3.1/../../../../arm-none-eabi/lib/thumb/v7e-m+fp/hard\libc_nano.a(libc_a-findfp.o)
 .ARM.attributes
                0x00000000000003e7       0x34 C:/ST/STM32CubeIDE_1.13.2/STM32CubeIDE/plugins/com.st.stm32cube.ide.mcu.externaltools.gnu-tools-for-stm32.11.3.rel1.win32_1.1.1.202309131626/tools/bin/../lib/gcc/arm-none-eabi/11.3.1/../../../../arm-none-eabi/lib/thumb/v7e-m+fp/hard\libc_nano.a(libc_a-sprintf.o)
 .ARM.attributes
                0x000000000000041b       0x34 C:/ST/STM32CubeIDE_1.13.2/STM32CubeIDE/plugins/com.st.stm32cube.ide.mcu.externaltools.gnu-tools-for-stm32.11.3.rel1.win32_1.1.1.202309131626/tools/bin/../lib/gcc/arm-none-eabi/11.3.1/../../../../arm-none-eabi/lib/thumb/v7e-m+fp/hard\libc_nano.a(libc_a-memset.o)
 .ARM.attributes
                0x000000000000044f       0x34 C:/ST/STM32CubeIDE_1.13.2/STM32CubeIDE/plugins/com.st.stm32cube.ide.mcu.externaltools.gnu-tools-for-stm32.11.3.rel1.win32_1.1.1.202309131626/tools/bin/../lib/gcc/arm-none-eabi/11.3.1/../../../../arm-none-eabi/lib/thumb/v7e-m+fp/hard\libc_nano.a(libc_a-strncmp.o)
 .ARM.attributes
                0x0000000000000483       0x34 C:/ST/STM32CubeIDE_1.13.2/STM32CubeIDE/plugins/com.st.stm32cube.ide.mcu.externaltools.gnu-tools-for-stm32.11.3.rel1.win32_1.1.1.202309131626/tools/bin/../lib/gcc/arm-none-eabi/11.3.1/../../../../arm-none-eabi/lib/thumb/v7e-m+fp/hard\libc_nano.a(libc_a-reent.o)
 .ARM.attributes
                0x00000000000004b7       0x34 C:/ST/STM32CubeIDE_1.13.2/STM32CubeIDE/plugins/com.st.stm32cube.ide.mcu.externaltools.gnu-tools-for-stm32.11.3.rel1.win32_1.1.1.202309131626/tools/bin/../lib/gcc/arm-none-eabi/11.3.1/../../../../arm-none-eabi/lib/thumb/v7e-m+fp/hard\libc_nano.a(libc_a-impure.o)
 .ARM.attributes
                0x00000000000004eb       0x34 C:/ST/STM32CubeIDE_1.13.2/STM32CubeIDE/plugins/com.st.stm32cube.ide.mcu.externaltools.gnu-tools-for-stm32.11.3.rel1.win32_1.1.1.202309131626/tools/bin/../lib/gcc/arm-none-eabi/11.3.1/../../../../arm-none-eabi/lib/thumb/v7e-m+fp/hard\libc_nano.a(libc_a-errno.o)
 .ARM.attributes
                0x000000000000051f       0x34 C:/ST/STM32CubeIDE_1.13.2/STM32CubeIDE/plugins/com.st.stm32cube.ide.mcu.externaltools.gnu-tools-for-stm32.11.3.rel1.win32_1.1.1.202309131626/tools/bin/../lib/gcc/arm-none-eabi/11.3.1/../../../../arm-none-eabi/lib/thumb/v7e-m+fp/hard\libc_nano.a(libc_a-init.o)
 .ARM.attributes
                0x0000000000000553       0x34 C:/ST/STM32CubeIDE_1.13.2/STM32CubeIDE/plugins/com.st.stm32cube.ide.mcu.externaltools.gnu-tools-for-stm32.11.3.rel1.win32_1.1.1.202309131626/tools/bin/../lib/gcc/arm-none-eabi/11.3.1/../../../../arm-none-eabi/lib/thumb/v7e-m+fp/hard\libc_nano.a(libc_a-lock.o)
 .ARM.attributes
                0x0000000000000587       0x34 C:/ST/STM32CubeIDE_1.13.2/STM32CubeIDE/plugins/com.st.stm32cube.ide.mcu.externaltools.gnu-tools-for-stm32.11.3.rel1.win32_1.1.1.202309131626/tools/bin/../lib/gcc/arm-none-eabi/11.3.1/../../../../arm-none-eabi/lib/thumb/v7e-m+fp/hard\libc_nano.a(libc_a-memcpy-stub.o)
 .ARM.attributes
                0x00000000000005bb       0x34 C:/ST/STM32CubeIDE_1.13.2/STM32CubeIDE/plugins/com.st.stm32cube.ide.mcu.externaltools.gnu-tools-for-stm32.11.3.rel1.win32_1.1.1.202309131626/tools/bin/../lib/gcc/arm-none-eabi/11.3.1/../../../../arm-none-eabi/lib/thumb/v7e-m+fp/hard\libc_nano.a(libc_a-freer.o)
 .ARM.attributes
                0x00000000000005ef       0x34 C:/ST/STM32CubeIDE_1.13.2/STM32CubeIDE/plugins/com.st.stm32cube.ide.mcu.externaltools.gnu-tools-for-stm32.11.3.rel1.win32_1.1.1.202309131626/tools/bin/../lib/gcc/arm-none-eabi/11.3.1/../../../../arm-none-eabi/lib/thumb/v7e-m+fp/hard\libc_nano.a(libc_a-mallocr.o)
 .ARM.attributes
                0x0000000000000623       0x34 C:/ST/STM32CubeIDE_1.13.2/STM32CubeIDE/plugins/com.st.stm32cube.ide.mcu.externaltools.gnu-tools-for-stm32.11.3.rel1.win32_1.1.1.202309131626/tools/bin/../lib/gcc/arm-none-eabi/11.3.1/../../../../arm-none-eabi/lib/thumb/v7e-m+fp/hard\libc_nano.a(libc_a-mlock.o)
 .ARM.attributes
                0x0000000000000657       0x34 C:/ST/STM32CubeIDE_1.13.2/STM32CubeIDE/plugins/com.st.stm32cube.ide.mcu.externaltools.gnu-tools-for-stm32.11.3.rel1.win32_1.1.1.202309131626/tools/bin/../lib/gcc/arm-none-eabi/11.3.1/../../../../arm-none-eabi/lib/thumb/v7e-m+fp/hard\libc_nano.a(libc_a-nano-svfprintf.o)
 .ARM.attributes
                0x000000000000068b       0x34 C:/ST/STM32CubeIDE_1.13.2/STM32CubeIDE/plugins/com.st.stm32cube.ide.mcu.externaltools.gnu-tools-for-stm32.11.3.rel1.win32_1.1.1.202309131626/tools/bin/../lib/gcc/arm-none-eabi/11.3.1/../../../../arm-none-eabi/lib/thumb/v7e-m+fp/hard\libc_nano.a(libc_a-nano-vfprintf_i.o)
 .ARM.attributes
                0x00000000000006bf       0x34 C:/ST/STM32CubeIDE_1.13.2/STM32CubeIDE/plugins/com.st.stm32cube.ide.mcu.externaltools.gnu-tools-for-stm32.11.3.rel1.win32_1.1.1.202309131626/tools/bin/../lib/gcc/arm-none-eabi/11.3.1/../../../../arm-none-eabi/lib/thumb/v7e-m+fp/hard\libc_nano.a(libc_a-memmove.o)
 .ARM.attributes
                0x00000000000006f3       0x34 C:/ST/STM32CubeIDE_1.13.2/STM32CubeIDE/plugins/com.st.stm32cube.ide.mcu.externaltools.gnu-tools-for-stm32.11.3.rel1.win32_1.1.1.202309131626/tools/bin/../lib/gcc/arm-none-eabi/11.3.1/../../../../arm-none-eabi/lib/thumb/v7e-m+fp/hard\libc_nano.a(libc_a-sbrkr.o)
 .ARM.attributes
                0x0000000000000727       0x1c C:/ST/STM32CubeIDE_1.13.2/STM32CubeIDE/plugins/com.st.stm32cube.ide.mcu.externaltools.gnu-tools-for-stm32.11.3.rel1.win32_1.1.1.202309131626/tools/bin/../lib/gcc/arm-none-eabi/11.3.1/../../../../arm-none-eabi/lib/thumb/v7e-m+fp/hard\libc_nano.a(libc_a-memchr.o)
 .ARM.attributes
                0x0000000000000743       0x34 C:/ST/STM32CubeIDE_1.13.2/STM32CubeIDE/plugins/com.st.stm32cube.ide.mcu.externaltools.gnu-tools-for-stm32.11.3.rel1.win32_1.1.1.202309131626/tools/bin/../lib/gcc/arm-none-eabi/11.3.1/../../../../arm-none-eabi/lib/thumb/v7e-m+fp/hard\libc_nano.a(libc_a-reallocr.o)
 .ARM.attributes
                0x0000000000000777       0x34 C:/ST/STM32CubeIDE_1.13.2/STM32CubeIDE/plugins/com.st.stm32cube.ide.mcu.externaltools.gnu-tools-for-stm32.11.3.rel1.win32_1.1.1.202309131626/tools/bin/../lib/gcc/arm-none-eabi/11.3.1/../../../../arm-none-eabi/lib/thumb/v7e-m+fp/hard\libc_nano.a(libc_a-msizer.o)
 .ARM.attributes
                0x00000000000007ab       0x1e C:/ST/STM32CubeIDE_1.13.2/STM32CubeIDE/plugins/com.st.stm32cube.ide.mcu.externaltools.gnu-tools-for-stm32.11.3.rel1.win32_1.1.1.202309131626/tools/bin/../lib/gcc/arm-none-eabi/11.3.1/thumb/v7e-m+fp/hard/crtn.o
OUTPUT(STM32F4_FreeRTOS_Led_Brightness_AT_Com_CMSIS.elf elf32-littlearm)
LOAD linker stubs
LOAD C:/ST/STM32CubeIDE_1.13.2/STM32CubeIDE/plugins/com.st.stm32cube.ide.mcu.externaltools.gnu-tools-for-stm32.11.3.rel1.win32_1.1.1.202309131626/tools/bin/../lib/gcc/arm-none-eabi/11.3.1/../../../../arm-none-eabi/lib/thumb/v7e-m+fp/hard\libc.a
LOAD C:/ST/STM32CubeIDE_1.13.2/STM32CubeIDE/plugins/com.st.stm32cube.ide.mcu.externaltools.gnu-tools-for-stm32.11.3.rel1.win32_1.1.1.202309131626/tools/bin/../lib/gcc/arm-none-eabi/11.3.1/../../../../arm-none-eabi/lib/thumb/v7e-m+fp/hard\libm.a
LOAD C:/ST/STM32CubeIDE_1.13.2/STM32CubeIDE/plugins/com.st.stm32cube.ide.mcu.externaltools.gnu-tools-for-stm32.11.3.rel1.win32_1.1.1.202309131626/tools/bin/../lib/gcc/arm-none-eabi/11.3.1/thumb/v7e-m+fp/hard\libgcc.a

.comment        0x0000000000000000       0x43
 .comment       0x0000000000000000       0x43 C:/ST/STM32CubeIDE_1.13.2/STM32CubeIDE/plugins/com.st.stm32cube.ide.mcu.externaltools.gnu-tools-for-stm32.11.3.rel1.win32_1.1.1.202309131626/tools/bin/../lib/gcc/arm-none-eabi/11.3.1/thumb/v7e-m+fp/hard/crtbegin.o
                                         0x44 (size before relaxing)
 .comment       0x0000000000000043       0x44 ./CMSIS/src/system_stm32f4xx.o
 .comment       0x0000000000000043       0x44 ./FreeRTOS/src/freertos.o
 .comment       0x0000000000000043       0x44 ./FreeRTOS/src/heap_4.o
 .comment       0x0000000000000043       0x44 ./FreeRTOS/src/list.o
 .comment       0x0000000000000043       0x44 ./FreeRTOS/src/port.o
 .comment       0x0000000000000043       0x44 ./FreeRTOS/src/queue.o
 .comment       0x0000000000000043       0x44 ./FreeRTOS/src/tasks.o
 .comment       0x0000000000000043       0x44 ./Src/CMD_Parse_Brightness.o
 .comment       0x0000000000000043       0x44 ./Src/GPIO_Init.o
 .comment       0x0000000000000043       0x44 ./Src/TIM2_PWM_Init.o
 .comment       0x0000000000000043       0x44 ./Src/USART_Init.o
 .comment       0x0000000000000043       0x44 ./Src/main.o
 .comment       0x0000000000000043       0x44 ./Src/sysmem.o

.debug_info     0x0000000000000000     0x6e7d
 .debug_info    0x0000000000000000      0x537 ./CMSIS/src/system_stm32f4xx.o
 .debug_info    0x0000000000000537      0x918 ./FreeRTOS/src/freertos.o
 .debug_info    0x0000000000000e4f      0x4d5 ./FreeRTOS/src/heap_4.o
 .debug_info    0x0000000000001324      0x2af ./FreeRTOS/src/list.o
 .debug_info    0x00000000000015d3      0x4de ./FreeRTOS/src/port.o
 .debug_info    0x0000000000001ab1     0x17cd ./FreeRTOS/src/queue.o
 .debug_info    0x000000000000327e     0x239d ./FreeRTOS/src/tasks.o
 .debug_info    0x000000000000561b      0x10a ./Src/CMD_Parse_Brightness.o
 .debug_info    0x0000000000005725      0x2e8 ./Src/GPIO_Init.o
 .debug_info    0x0000000000005a0d      0x3f6 ./Src/TIM2_PWM_Init.o
 .debug_info    0x0000000000005e03      0x93e ./Src/USART_Init.o
 .debug_info    0x0000000000006741      0x5b1 ./Src/main.o
 .debug_info    0x0000000000006cf2      0x168 ./Src/sysmem.o
 .debug_info    0x0000000000006e5a       0x23 ./Startup/startup_stm32f401retx.o

.debug_abbrev   0x0000000000000000     0x1611
 .debug_abbrev  0x0000000000000000      0x11a ./CMSIS/src/system_stm32f4xx.o
 .debug_abbrev  0x000000000000011a      0x16f ./FreeRTOS/src/freertos.o
 .debug_abbrev  0x0000000000000289      0x21d ./FreeRTOS/src/heap_4.o
 .debug_abbrev  0x00000000000004a6       0xf5 ./FreeRTOS/src/list.o
 .debug_abbrev  0x000000000000059b      0x25c ./FreeRTOS/src/port.o
 .debug_abbrev  0x00000000000007f7      0x3b5 ./FreeRTOS/src/queue.o
 .debug_abbrev  0x0000000000000bac      0x3d0 ./FreeRTOS/src/tasks.o
 .debug_abbrev  0x0000000000000f7c       0xcc ./Src/CMD_Parse_Brightness.o
 .debug_abbrev  0x0000000000001048       0xb5 ./Src/GPIO_Init.o
 .debug_abbrev  0x00000000000010fd       0xb5 ./Src/TIM2_PWM_Init.o
 .debug_abbrev  0x00000000000011b2      0x1cd ./Src/USART_Init.o
 .debug_abbrev  0x000000000000137f      0x1c4 ./Src/main.o
 .debug_abbrev  0x0000000000001543       0xbc ./Src/sysmem.o
 .debug_abbrev  0x00000000000015ff       0x12 ./Startup/startup_stm32f401retx.o

.debug_aranges  0x0000000000000000      0x548
 .debug_aranges
                0x0000000000000000       0x28 ./CMSIS/src/system_stm32f4xx.o
 .debug_aranges
                0x0000000000000028       0x20 ./FreeRTOS/src/freertos.o
 .debug_aranges
                0x0000000000000048       0x58 ./FreeRTOS/src/heap_4.o
 .debug_aranges
                0x00000000000000a0       0x40 ./FreeRTOS/src/list.o
 .debug_aranges
                0x00000000000000e0       0x80 ./FreeRTOS/src/port.o
 .debug_aranges
                0x0000000000000160      0x108 ./FreeRTOS/src/queue.o
 .debug_aranges
                0x0000000000000268      0x1b8 ./FreeRTOS/src/tasks.o
 .debug_aranges
                0x0000000000000420       0x20 ./Src/CMD_Parse_Brightness.o
 .debug_aranges
                0x0000000000000440       0x20 ./Src/GPIO_Init.o
 .debug_aranges
                0x0000000000000460       0x20 ./Src/TIM2_PWM_Init.o
 .debug_aranges
                0x0000000000000480       0x48 ./Src/USART_Init.o
 .debug_aranges
                0x00000000000004c8       0x38 ./Src/main.o
 .debug_aranges
                0x0000000000000500       0x20 ./Src/sysmem.o
 .debug_aranges
                0x0000000000000520       0x28 ./Startup/startup_stm32f401retx.o

.debug_rnglists
                0x0000000000000000      0x3e1
 .debug_rnglists
                0x0000000000000000       0x1a ./CMSIS/src/system_stm32f4xx.o
 .debug_rnglists
                0x000000000000001a       0x13 ./FreeRTOS/src/freertos.o
 .debug_rnglists
                0x000000000000002d       0x42 ./FreeRTOS/src/heap_4.o
 .debug_rnglists
                0x000000000000006f       0x2b ./FreeRTOS/src/list.o
 .debug_rnglists
                0x000000000000009a       0x5d ./FreeRTOS/src/port.o
 .debug_rnglists
                0x00000000000000f7       0xcd ./FreeRTOS/src/queue.o
 .debug_rnglists
                0x00000000000001c4      0x15f ./FreeRTOS/src/tasks.o
 .debug_rnglists
                0x0000000000000323       0x13 ./Src/CMD_Parse_Brightness.o
 .debug_rnglists
                0x0000000000000336       0x13 ./Src/GPIO_Init.o
 .debug_rnglists
                0x0000000000000349       0x14 ./Src/TIM2_PWM_Init.o
 .debug_rnglists
                0x000000000000035d       0x32 ./Src/USART_Init.o
 .debug_rnglists
                0x000000000000038f       0x26 ./Src/main.o
 .debug_rnglists
                0x00000000000003b5       0x13 ./Src/sysmem.o
 .debug_rnglists
                0x00000000000003c8       0x19 ./Startup/startup_stm32f401retx.o

.debug_macro    0x0000000000000000     0xf4f1
 .debug_macro   0x0000000000000000       0xda ./CMSIS/src/system_stm32f4xx.o
 .debug_macro   0x00000000000000da      0xaae ./CMSIS/src/system_stm32f4xx.o
 .debug_macro   0x0000000000000b88       0x2e ./CMSIS/src/system_stm32f4xx.o
 .debug_macro   0x0000000000000bb6       0x28 ./CMSIS/src/system_stm32f4xx.o
 .debug_macro   0x0000000000000bde       0x22 ./CMSIS/src/system_stm32f4xx.o
 .debug_macro   0x0000000000000c00       0x8e ./CMSIS/src/system_stm32f4xx.o
 .debug_macro   0x0000000000000c8e       0x51 ./CMSIS/src/system_stm32f4xx.o
 .debug_macro   0x0000000000000cdf      0x103 ./CMSIS/src/system_stm32f4xx.o
 .debug_macro   0x0000000000000de2       0x6a ./CMSIS/src/system_stm32f4xx.o
 .debug_macro   0x0000000000000e4c      0x1df ./CMSIS/src/system_stm32f4xx.o
 .debug_macro   0x000000000000102b       0x1c ./CMSIS/src/system_stm32f4xx.o
 .debug_macro   0x0000000000001047       0x22 ./CMSIS/src/system_stm32f4xx.o
 .debug_macro   0x0000000000001069       0xd9 ./CMSIS/src/system_stm32f4xx.o
 .debug_macro   0x0000000000001142     0x102d ./CMSIS/src/system_stm32f4xx.o
 .debug_macro   0x000000000000216f      0x11f ./CMSIS/src/system_stm32f4xx.o
 .debug_macro   0x000000000000228e     0xb86c ./CMSIS/src/system_stm32f4xx.o
 .debug_macro   0x000000000000dafa       0x6d ./CMSIS/src/system_stm32f4xx.o
 .debug_macro   0x000000000000db67      0x16d ./FreeRTOS/src/freertos.o
 .debug_macro   0x000000000000dcd4      0x1c0 ./FreeRTOS/src/heap_4.o
 .debug_macro   0x000000000000de94      0x199 ./FreeRTOS/src/list.o
 .debug_macro   0x000000000000e02d      0x233 ./FreeRTOS/src/port.o
 .debug_macro   0x000000000000e260      0x228 ./FreeRTOS/src/queue.o
 .debug_macro   0x000000000000e488       0x16 ./FreeRTOS/src/queue.o
 .debug_macro   0x000000000000e49e       0x20 ./FreeRTOS/src/queue.o
 .debug_macro   0x000000000000e4be       0x87 ./FreeRTOS/src/queue.o
 .debug_macro   0x000000000000e545      0x28b ./FreeRTOS/src/tasks.o
 .debug_macro   0x000000000000e7d0       0x10 ./FreeRTOS/src/tasks.o
 .debug_macro   0x000000000000e7e0      0x10e ./Src/CMD_Parse_Brightness.o
 .debug_macro   0x000000000000e8ee       0x16 ./Src/CMD_Parse_Brightness.o
 .debug_macro   0x000000000000e904       0xd2 ./Src/GPIO_Init.o
 .debug_macro   0x000000000000e9d6       0xd2 ./Src/TIM2_PWM_Init.o
 .debug_macro   0x000000000000eaa8      0x1c4 ./Src/USART_Init.o
 .debug_macro   0x000000000000ec6c       0xf1 ./Src/USART_Init.o
 .debug_macro   0x000000000000ed5d      0x286 ./Src/main.o
 .debug_macro   0x000000000000efe3       0x1c ./Src/main.o
 .debug_macro   0x000000000000efff       0x10 ./Src/main.o
 .debug_macro   0x000000000000f00f       0x1c ./Src/main.o
 .debug_macro   0x000000000000f02b       0x16 ./Src/main.o
 .debug_macro   0x000000000000f041      0x147 ./Src/main.o
 .debug_macro   0x000000000000f188       0x2e ./Src/main.o
 .debug_macro   0x000000000000f1b6       0xff ./Src/sysmem.o
 .debug_macro   0x000000000000f2b5      0x23c ./Src/sysmem.o

.debug_line     0x0000000000000000     0x7a01
 .debug_line    0x0000000000000000      0x570 ./CMSIS/src/system_stm32f4xx.o
 .debug_line    0x0000000000000570      0x62e ./FreeRTOS/src/freertos.o
 .debug_line    0x0000000000000b9e      0x95f ./FreeRTOS/src/heap_4.o
 .debug_line    0x00000000000014fd      0x749 ./FreeRTOS/src/list.o
 .debug_line    0x0000000000001c46      0x934 ./FreeRTOS/src/port.o
 .debug_line    0x000000000000257a     0x14ca ./FreeRTOS/src/queue.o
 .debug_line    0x0000000000003a44     0x197f ./FreeRTOS/src/tasks.o
 .debug_line    0x00000000000053c3      0x598 ./Src/CMD_Parse_Brightness.o
 .debug_line    0x000000000000595b      0x4f4 ./Src/GPIO_Init.o
 .debug_line    0x0000000000005e4f      0x518 ./Src/TIM2_PWM_Init.o
 .debug_line    0x0000000000006367      0x7fa ./Src/USART_Init.o
 .debug_line    0x0000000000006b61      0x8b1 ./Src/main.o
 .debug_line    0x0000000000007412      0x574 ./Src/sysmem.o
 .debug_line    0x0000000000007986       0x7b ./Startup/startup_stm32f401retx.o

.debug_str      0x0000000000000000    0x5b375
 .debug_str     0x0000000000000000    0x4f583 ./CMSIS/src/system_stm32f4xx.o
                                      0x4f6ff (size before relaxing)
 .debug_str     0x000000000004f583     0x600a ./FreeRTOS/src/freertos.o
                                       0x9dd4 (size before relaxing)
 .debug_str     0x000000000005558d     0x1a44 ./FreeRTOS/src/heap_4.o
                                       0xb3b1 (size before relaxing)
 .debug_str     0x0000000000056fd1      0x107 ./FreeRTOS/src/list.o
                                       0xaa80 (size before relaxing)
 .debug_str     0x00000000000570d8      0x80c ./FreeRTOS/src/port.o
                                       0xa21e (size before relaxing)
 .debug_str     0x00000000000578e4     0x11de ./FreeRTOS/src/queue.o
                                       0xc413 (size before relaxing)
 .debug_str     0x0000000000058ac2     0x180d ./FreeRTOS/src/tasks.o
                                       0xd13a (size before relaxing)
 .debug_str     0x000000000005a2cf       0x94 ./Src/CMD_Parse_Brightness.o
                                       0x66b1 (size before relaxing)
 .debug_str     0x000000000005a363       0x4f ./Src/GPIO_Init.o
                                      0x4f622 (size before relaxing)
 .debug_str     0x000000000005a3b2       0x6a ./Src/TIM2_PWM_Init.o
                                      0x4f66f (size before relaxing)
 .debug_str     0x000000000005a41c      0x44f ./Src/USART_Init.o
                                      0x54936 (size before relaxing)
 .debug_str     0x000000000005a86b      0x784 ./Src/main.o
                                      0x57904 (size before relaxing)
 .debug_str     0x000000000005afef      0x357 ./Src/sysmem.o
                                       0x6047 (size before relaxing)
 .debug_str     0x000000000005b346       0x2f ./Startup/startup_stm32f401retx.o
                                         0x6e (size before relaxing)

.debug_frame    0x0000000000000000     0x18b0
 .debug_frame   0x0000000000000000       0x58 ./CMSIS/src/system_stm32f4xx.o
 .debug_frame   0x0000000000000058       0x38 ./FreeRTOS/src/freertos.o
 .debug_frame   0x0000000000000090      0x12c ./FreeRTOS/src/heap_4.o
 .debug_frame   0x00000000000001bc       0xd8 ./FreeRTOS/src/list.o
 .debug_frame   0x0000000000000294      0x1a8 ./FreeRTOS/src/port.o
 .debug_frame   0x000000000000043c      0x46c ./FreeRTOS/src/queue.o
 .debug_frame   0x00000000000008a8      0x77c ./FreeRTOS/src/tasks.o
 .debug_frame   0x0000000000001024       0x34 ./Src/CMD_Parse_Brightness.o
 .debug_frame   0x0000000000001058       0x30 ./Src/GPIO_Init.o
 .debug_frame   0x0000000000001088       0x30 ./Src/TIM2_PWM_Init.o
 .debug_frame   0x00000000000010b8       0xf0 ./Src/USART_Init.o
 .debug_frame   0x00000000000011a8       0x94 ./Src/main.o
 .debug_frame   0x000000000000123c       0x34 ./Src/sysmem.o
 .debug_frame   0x0000000000001270       0x30 C:/ST/STM32CubeIDE_1.13.2/STM32CubeIDE/plugins/com.st.stm32cube.ide.mcu.externaltools.gnu-tools-for-stm32.11.3.rel1.win32_1.1.1.202309131626/tools/bin/../lib/gcc/arm-none-eabi/11.3.1/../../../../arm-none-eabi/lib/thumb/v7e-m+fp/hard\libc_nano.a(libc_a-atoi.o)
 .debug_frame   0x00000000000012a0       0x64 C:/ST/STM32CubeIDE_1.13.2/STM32CubeIDE/plugins/com.st.stm32cube.ide.mcu.externaltools.gnu-tools-for-stm32.11.3.rel1.win32_1.1.1.202309131626/tools/bin/../lib/gcc/arm-none-eabi/11.3.1/../../../../arm-none-eabi/lib/thumb/v7e-m+fp/hard\libc_nano.a(libc_a-strtol.o)
 .debug_frame   0x0000000000001304      0x144 C:/ST/STM32CubeIDE_1.13.2/STM32CubeIDE/plugins/com.st.stm32cube.ide.mcu.externaltools.gnu-tools-for-stm32.11.3.rel1.win32_1.1.1.202309131626/tools/bin/../lib/gcc/arm-none-eabi/11.3.1/../../../../arm-none-eabi/lib/thumb/v7e-m+fp/hard\libc_nano.a(libc_a-findfp.o)
 .debug_frame   0x0000000000001448       0x6c C:/ST/STM32CubeIDE_1.13.2/STM32CubeIDE/plugins/com.st.stm32cube.ide.mcu.externaltools.gnu-tools-for-stm32.11.3.rel1.win32_1.1.1.202309131626/tools/bin/../lib/gcc/arm-none-eabi/11.3.1/../../../../arm-none-eabi/lib/thumb/v7e-m+fp/hard\libc_nano.a(libc_a-sprintf.o)
 .debug_frame   0x00000000000014b4       0x20 C:/ST/STM32CubeIDE_1.13.2/STM32CubeIDE/plugins/com.st.stm32cube.ide.mcu.externaltools.gnu-tools-for-stm32.11.3.rel1.win32_1.1.1.202309131626/tools/bin/../lib/gcc/arm-none-eabi/11.3.1/../../../../arm-none-eabi/lib/thumb/v7e-m+fp/hard\libc_nano.a(libc_a-memset.o)
 .debug_frame   0x00000000000014d4       0x28 C:/ST/STM32CubeIDE_1.13.2/STM32CubeIDE/plugins/com.st.stm32cube.ide.mcu.externaltools.gnu-tools-for-stm32.11.3.rel1.win32_1.1.1.202309131626/tools/bin/../lib/gcc/arm-none-eabi/11.3.1/../../../../arm-none-eabi/lib/thumb/v7e-m+fp/hard\libc_nano.a(libc_a-strncmp.o)
 .debug_frame   0x00000000000014fc       0x38 C:/ST/STM32CubeIDE_1.13.2/STM32CubeIDE/plugins/com.st.stm32cube.ide.mcu.externaltools.gnu-tools-for-stm32.11.3.rel1.win32_1.1.1.202309131626/tools/bin/../lib/gcc/arm-none-eabi/11.3.1/../../../../arm-none-eabi/lib/thumb/v7e-m+fp/hard\libc_nano.a(libc_a-reent.o)
 .debug_frame   0x0000000000001534       0x20 C:/ST/STM32CubeIDE_1.13.2/STM32CubeIDE/plugins/com.st.stm32cube.ide.mcu.externaltools.gnu-tools-for-stm32.11.3.rel1.win32_1.1.1.202309131626/tools/bin/../lib/gcc/arm-none-eabi/11.3.1/../../../../arm-none-eabi/lib/thumb/v7e-m+fp/hard\libc_nano.a(libc_a-errno.o)
 .debug_frame   0x0000000000001554       0x2c C:/ST/STM32CubeIDE_1.13.2/STM32CubeIDE/plugins/com.st.stm32cube.ide.mcu.externaltools.gnu-tools-for-stm32.11.3.rel1.win32_1.1.1.202309131626/tools/bin/../lib/gcc/arm-none-eabi/11.3.1/../../../../arm-none-eabi/lib/thumb/v7e-m+fp/hard\libc_nano.a(libc_a-init.o)
 .debug_frame   0x0000000000001580       0xb0 C:/ST/STM32CubeIDE_1.13.2/STM32CubeIDE/plugins/com.st.stm32cube.ide.mcu.externaltools.gnu-tools-for-stm32.11.3.rel1.win32_1.1.1.202309131626/tools/bin/../lib/gcc/arm-none-eabi/11.3.1/../../../../arm-none-eabi/lib/thumb/v7e-m+fp/hard\libc_nano.a(libc_a-lock.o)
 .debug_frame   0x0000000000001630       0x28 C:/ST/STM32CubeIDE_1.13.2/STM32CubeIDE/plugins/com.st.stm32cube.ide.mcu.externaltools.gnu-tools-for-stm32.11.3.rel1.win32_1.1.1.202309131626/tools/bin/../lib/gcc/arm-none-eabi/11.3.1/../../../../arm-none-eabi/lib/thumb/v7e-m+fp/hard\libc_nano.a(libc_a-memcpy-stub.o)
 .debug_frame   0x0000000000001658       0x38 C:/ST/STM32CubeIDE_1.13.2/STM32CubeIDE/plugins/com.st.stm32cube.ide.mcu.externaltools.gnu-tools-for-stm32.11.3.rel1.win32_1.1.1.202309131626/tools/bin/../lib/gcc/arm-none-eabi/11.3.1/../../../../arm-none-eabi/lib/thumb/v7e-m+fp/hard\libc_nano.a(libc_a-freer.o)
 .debug_frame   0x0000000000001690       0x50 C:/ST/STM32CubeIDE_1.13.2/STM32CubeIDE/plugins/com.st.stm32cube.ide.mcu.externaltools.gnu-tools-for-stm32.11.3.rel1.win32_1.1.1.202309131626/tools/bin/../lib/gcc/arm-none-eabi/11.3.1/../../../../arm-none-eabi/lib/thumb/v7e-m+fp/hard\libc_nano.a(libc_a-mallocr.o)
 .debug_frame   0x00000000000016e0       0x30 C:/ST/STM32CubeIDE_1.13.2/STM32CubeIDE/plugins/com.st.stm32cube.ide.mcu.externaltools.gnu-tools-for-stm32.11.3.rel1.win32_1.1.1.202309131626/tools/bin/../lib/gcc/arm-none-eabi/11.3.1/../../../../arm-none-eabi/lib/thumb/v7e-m+fp/hard\libc_nano.a(libc_a-mlock.o)
 .debug_frame   0x0000000000001710       0x90 C:/ST/STM32CubeIDE_1.13.2/STM32CubeIDE/plugins/com.st.stm32cube.ide.mcu.externaltools.gnu-tools-for-stm32.11.3.rel1.win32_1.1.1.202309131626/tools/bin/../lib/gcc/arm-none-eabi/11.3.1/../../../../arm-none-eabi/lib/thumb/v7e-m+fp/hard\libc_nano.a(libc_a-nano-svfprintf.o)
 .debug_frame   0x00000000000017a0       0x60 C:/ST/STM32CubeIDE_1.13.2/STM32CubeIDE/plugins/com.st.stm32cube.ide.mcu.externaltools.gnu-tools-for-stm32.11.3.rel1.win32_1.1.1.202309131626/tools/bin/../lib/gcc/arm-none-eabi/11.3.1/../../../../arm-none-eabi/lib/thumb/v7e-m+fp/hard\libc_nano.a(libc_a-nano-vfprintf_i.o)
 .debug_frame   0x0000000000001800       0x28 C:/ST/STM32CubeIDE_1.13.2/STM32CubeIDE/plugins/com.st.stm32cube.ide.mcu.externaltools.gnu-tools-for-stm32.11.3.rel1.win32_1.1.1.202309131626/tools/bin/../lib/gcc/arm-none-eabi/11.3.1/../../../../arm-none-eabi/lib/thumb/v7e-m+fp/hard\libc_nano.a(libc_a-memmove.o)
 .debug_frame   0x0000000000001828       0x2c C:/ST/STM32CubeIDE_1.13.2/STM32CubeIDE/plugins/com.st.stm32cube.ide.mcu.externaltools.gnu-tools-for-stm32.11.3.rel1.win32_1.1.1.202309131626/tools/bin/../lib/gcc/arm-none-eabi/11.3.1/../../../../arm-none-eabi/lib/thumb/v7e-m+fp/hard\libc_nano.a(libc_a-sbrkr.o)
 .debug_frame   0x0000000000001854       0x3c C:/ST/STM32CubeIDE_1.13.2/STM32CubeIDE/plugins/com.st.stm32cube.ide.mcu.externaltools.gnu-tools-for-stm32.11.3.rel1.win32_1.1.1.202309131626/tools/bin/../lib/gcc/arm-none-eabi/11.3.1/../../../../arm-none-eabi/lib/thumb/v7e-m+fp/hard\libc_nano.a(libc_a-reallocr.o)
 .debug_frame   0x0000000000001890       0x20 C:/ST/STM32CubeIDE_1.13.2/STM32CubeIDE/plugins/com.st.stm32cube.ide.mcu.externaltools.gnu-tools-for-stm32.11.3.rel1.win32_1.1.1.202309131626/tools/bin/../lib/gcc/arm-none-eabi/11.3.1/../../../../arm-none-eabi/lib/thumb/v7e-m+fp/hard\libc_nano.a(libc_a-msizer.o)

.debug_line_str
                0x0000000000000000       0x62
 .debug_line_str
                0x0000000000000000       0x62 ./Startup/startup_stm32f401retx.o
                                         0x7a (size before relaxing)
