Archive member included to satisfy reference by file (symbol)

C:/ST/STM32CubeIDE_1.13.2/STM32CubeIDE/plugins/com.st.stm32cube.ide.mcu.externaltools.gnu-tools-for-stm32.11.3.rel1.win32_1.1.1.202309131626/tools/bin/../lib/gcc/arm-none-eabi/11.3.1/../../../../arm-none-eabi/lib/thumb/v7e-m+fp/hard\libc_nano.a(libc_a-atoi.o)
                              ./Src/CMD_Parse_Brightness.o (atoi)
C:/ST/STM32CubeIDE_1.13.2/STM32CubeIDE/plugins/com.st.stm32cube.ide.mcu.externaltools.gnu-tools-for-stm32.11.3.rel1.win32_1.1.1.202309131626/tools/bin/../lib/gcc/arm-none-eabi/11.3.1/../../../../arm-none-eabi/lib/thumb/v7e-m+fp/hard\libc_nano.a(libc_a-exit.o)
                              C:/ST/STM32CubeIDE_1.13.2/STM32CubeIDE/plugins/com.st.stm32cube.ide.mcu.externaltools.gnu-tools-for-stm32.11.3.rel1.win32_1.1.1.202309131626/tools/bin/../lib/gcc/arm-none-eabi/11.3.1/../../../../arm-none-eabi/lib/thumb/v7e-m+fp/hard/crt0.o (exit)
C:/ST/STM32CubeIDE_1.13.2/STM32CubeIDE/plugins/com.st.stm32cube.ide.mcu.externaltools.gnu-tools-for-stm32.11.3.rel1.win32_1.1.1.202309131626/tools/bin/../lib/gcc/arm-none-eabi/11.3.1/../../../../arm-none-eabi/lib/thumb/v7e-m+fp/hard\libc_nano.a(libc_a-strtol.o)
                              C:/ST/STM32CubeIDE_1.13.2/STM32CubeIDE/plugins/com.st.stm32cube.ide.mcu.externaltools.gnu-tools-for-stm32.11.3.rel1.win32_1.1.1.202309131626/tools/bin/../lib/gcc/arm-none-eabi/11.3.1/../../../../arm-none-eabi/lib/thumb/v7e-m+fp/hard\libc_nano.a(libc_a-atoi.o) (_strtol_r)
C:/ST/STM32CubeIDE_1.13.2/STM32CubeIDE/plugins/com.st.stm32cube.ide.mcu.externaltools.gnu-tools-for-stm32.11.3.rel1.win32_1.1.1.202309131626/tools/bin/../lib/gcc/arm-none-eabi/11.3.1/../../../../arm-none-eabi/lib/thumb/v7e-m+fp/hard\libc_nano.a(libc_a-ctype_.o)
                              C:/ST/STM32CubeIDE_1.13.2/STM32CubeIDE/plugins/com.st.stm32cube.ide.mcu.externaltools.gnu-tools-for-stm32.11.3.rel1.win32_1.1.1.202309131626/tools/bin/../lib/gcc/arm-none-eabi/11.3.1/../../../../arm-none-eabi/lib/thumb/v7e-m+fp/hard\libc_nano.a(libc_a-strtol.o) (_ctype_)
C:/ST/STM32CubeIDE_1.13.2/STM32CubeIDE/plugins/com.st.stm32cube.ide.mcu.externaltools.gnu-tools-for-stm32.11.3.rel1.win32_1.1.1.202309131626/tools/bin/../lib/gcc/arm-none-eabi/11.3.1/../../../../arm-none-eabi/lib/thumb/v7e-m+fp/hard\libc_nano.a(libc_a-findfp.o)
                              ./FreeRTOS/src/tasks.o (__sf)
C:/ST/STM32CubeIDE_1.13.2/STM32CubeIDE/plugins/com.st.stm32cube.ide.mcu.externaltools.gnu-tools-for-stm32.11.3.rel1.win32_1.1.1.202309131626/tools/bin/../lib/gcc/arm-none-eabi/11.3.1/../../../../arm-none-eabi/lib/thumb/v7e-m+fp/hard\libc_nano.a(libc_a-fwalk.o)
                              C:/ST/STM32CubeIDE_1.13.2/STM32CubeIDE/plugins/com.st.stm32cube.ide.mcu.externaltools.gnu-tools-for-stm32.11.3.rel1.win32_1.1.1.202309131626/tools/bin/../lib/gcc/arm-none-eabi/11.3.1/../../../../arm-none-eabi/lib/thumb/v7e-m+fp/hard\libc_nano.a(libc_a-findfp.o) (_fwalk_sglue)
C:/ST/STM32CubeIDE_1.13.2/STM32CubeIDE/plugins/com.st.stm32cube.ide.mcu.externaltools.gnu-tools-for-stm32.11.3.rel1.win32_1.1.1.202309131626/tools/bin/../lib/gcc/arm-none-eabi/11.3.1/../../../../arm-none-eabi/lib/thumb/v7e-m+fp/hard\libc_nano.a(libc_a-stdio.o)
                              C:/ST/STM32CubeIDE_1.13.2/STM32CubeIDE/plugins/com.st.stm32cube.ide.mcu.externaltools.gnu-tools-for-stm32.11.3.rel1.win32_1.1.1.202309131626/tools/bin/../lib/gcc/arm-none-eabi/11.3.1/../../../../arm-none-eabi/lib/thumb/v7e-m+fp/hard\libc_nano.a(libc_a-findfp.o) (__sread)
C:/ST/STM32CubeIDE_1.13.2/STM32CubeIDE/plugins/com.st.stm32cube.ide.mcu.externaltools.gnu-tools-for-stm32.11.3.rel1.win32_1.1.1.202309131626/tools/bin/../lib/gcc/arm-none-eabi/11.3.1/../../../../arm-none-eabi/lib/thumb/v7e-m+fp/hard\libc_nano.a(libc_a-memset.o)
                              C:/ST/STM32CubeIDE_1.13.2/STM32CubeIDE/plugins/com.st.stm32cube.ide.mcu.externaltools.gnu-tools-for-stm32.11.3.rel1.win32_1.1.1.202309131626/tools/bin/../lib/gcc/arm-none-eabi/11.3.1/../../../../arm-none-eabi/lib/thumb/v7e-m+fp/hard/crt0.o (memset)
C:/ST/STM32CubeIDE_1.13.2/STM32CubeIDE/plugins/com.st.stm32cube.ide.mcu.externaltools.gnu-tools-for-stm32.11.3.rel1.win32_1.1.1.202309131626/tools/bin/../lib/gcc/arm-none-eabi/11.3.1/../../../../arm-none-eabi/lib/thumb/v7e-m+fp/hard\libc_nano.a(libc_a-strncmp.o)
                              ./Src/CMD_Parse_Brightness.o (strncmp)
C:/ST/STM32CubeIDE_1.13.2/STM32CubeIDE/plugins/com.st.stm32cube.ide.mcu.externaltools.gnu-tools-for-stm32.11.3.rel1.win32_1.1.1.202309131626/tools/bin/../lib/gcc/arm-none-eabi/11.3.1/../../../../arm-none-eabi/lib/thumb/v7e-m+fp/hard\libc_nano.a(libc_a-closer.o)
                              C:/ST/STM32CubeIDE_1.13.2/STM32CubeIDE/plugins/com.st.stm32cube.ide.mcu.externaltools.gnu-tools-for-stm32.11.3.rel1.win32_1.1.1.202309131626/tools/bin/../lib/gcc/arm-none-eabi/11.3.1/../../../../arm-none-eabi/lib/thumb/v7e-m+fp/hard\libc_nano.a(libc_a-stdio.o) (_close_r)
[...]
Memory Configuration

Name             Origin             Length             Attributes
RAM              0x0000000020000000 0x0000000000018000 xrw
FLASH            0x0000000008000000 0x0000000000080000 xr
*default*        0x0000000000000000 0xffffffffffffffff

Linker script and memory map

LOAD C:/ST/STM32CubeIDE_1.13.2/STM32CubeIDE/plugins/com.st.stm32cube.ide.mcu.externaltools.gnu-tools-for-stm32.11.3.rel1.win32_1.1.1.202309131626/tools/bin/../lib/gcc/arm-none-eabi/11.3.1/thumb/v7e-m+fp/hard/crti.o
LOAD C:/ST/STM32CubeIDE_1.13.2/STM32CubeIDE/plugins/com.st.stm32cube.ide.mcu.externaltools.gnu-tools-for-stm32.11.3.rel1.win32_1.1.1.202309131626/tools/bin/../lib/gcc/arm-none-eabi/11.3.1/thumb/v7e-m+fp/hard/crtbegin.o
LOAD C:/ST/STM32CubeIDE_1.13.2/STM32CubeIDE/plugins/com.st.stm32cube.ide.mcu.externaltools.gnu-tools-for-stm32.11.3.rel1.win32_1.1.1.202309131626/tools/bin/../lib/gcc/arm-none-eabi/11.3.1/../../../../arm-none-eabi/lib/thumb/v7e-m+fp/hard/crt0.o
LOAD ./CMSIS/src/system_stm32f4xx.o
LOAD ./FreeRTOS/src/croutine.o
LOAD ./FreeRTOS/src/event_groups.o
LOAD ./FreeRTOS/src/freertos.o
LOAD ./FreeRTOS/src/heap_4.o
LOAD ./FreeRTOS/src/list.o
LOAD ./FreeRTOS/src/port.o
LOAD ./FreeRTOS/src/queue.o
LOAD ./FreeRTOS/src/stream_buffer.o
LOAD ./FreeRTOS/src/tasks.o
LOAD ./FreeRTOS/src/timers.o
LOAD ./Src/CMD_Parse_Brightness.o
LOAD ./Src/GPIO_Init.o
LOAD ./Src/TIM2_PWM_Init.o
LOAD ./Src/USART_Init.o
LOAD ./Src/main.o
LOAD ./Src/syscalls.o
LOAD ./Src/sysmem.o
LOAD ./Startup/startup_stm32f401retx.o
START GROUP
LOAD C:/ST/STM32CubeIDE_1.13.2/STM32CubeIDE/plugins/com.st.stm32cube.ide.mcu.externaltools.gnu-tools-for-stm32.11.3.rel1.win32_1.1.1.202309131626/tools/bin/../lib/gcc/arm-none-eabi/11.3.1/../../../../arm-none-eabi/lib/thumb/v7e-m+fp/hard\libc_nano.a
LOAD C:/ST/STM32CubeIDE_1.13.2/STM32CubeIDE/plugins/com.st.stm32cube.ide.mcu.externaltools.gnu-tools-for-stm32.11.3.rel1.win32_1.1.1.202309131626/tools/bin/../lib/gcc/arm-none-eabi/11.3.1/../../../../arm-none-eabi/lib/thumb/v7e-m+fp/hard\libm.a
END GROUP
START GROUP
LOAD C:/ST/STM32CubeIDE_1.13.2/STM32CubeIDE/plugins/com.st.stm32cube.ide.mcu.externaltools.gnu-tools-for-stm32.11.3.rel1.win32_1.1.1.202309131626/tools/bin/../lib/gcc/arm-none-eabi/11.3.1/thumb/v7e-m+fp/hard\libgcc.a
LOAD C:/ST/STM32CubeIDE_1.13.2/STM32CubeIDE/plugins/com.st.stm32cube.ide.mcu.externaltools.gnu-tools-for-stm32.11.3.rel1.win32_1.1.1.202309131626/tools/bin/../lib/gcc/arm-none-eabi/11.3.1/../../../../arm-none-eabi/lib/thumb/v7e-m+fp/hard\libc_nano.a
END GROUP
START GROUP
LOAD C:/ST/STM32CubeIDE_1.13.2/STM32CubeIDE/plugins/com.st.stm32cube.ide.mcu.externaltools.gnu-tools-for-stm32.11.3.rel1.win32_1.1.1.202309131626/tools/bin/../lib/gcc/arm-none-eabi/11.3.1/thumb/v7e-m+fp/hard\libgcc.a
LOAD C:/ST/STM32CubeIDE_1.13.2/STM32CubeIDE/plugins/com.st.stm32cube.ide.mcu.externaltools.gnu-tools-for-stm32.11.3.rel1.win32_1.1.1.202309131626/tools/bin/../lib/gcc/arm-none-eabi/11.3.1/../../../../arm-none-eabi/lib/thumb/v7e-m+fp/hard\libc_nano.a
LOAD C:/ST/STM32CubeIDE_1.13.2/STM32CubeIDE/plugins/com.st.stm32cube.ide.mcu.externaltools.gnu-tools-for-stm32.11.3.rel1.win32_1.1.1.202309131626/tools/bin/../lib/gcc/arm-none-eabi/11.3.1/../../../../arm-none-eabi/lib/thumb/v7e-m+fp/hard\libnosys.a
END GROUP
START GROUP
LOAD C:/ST/STM32CubeIDE_1.13.2/STM32CubeIDE/plugins/com.st.stm32cube.ide.mcu.externaltools.gnu-tools-for-stm32.11.3.rel1.win32_1.1.1.202309131626/tools/bin/../lib/gcc/arm-none-eabi/11.3.1/thumb/v7e-m+fp/hard\libgcc.a
LOAD C:/ST/STM32CubeIDE_1.13.2/STM32CubeIDE/plugins/com.st.stm32cube.ide.mcu.externaltools.gnu-tools-for-stm32.11.3.rel1.win32_1.1.1.202309131626/tools/bin/../lib/gcc/arm-none-eabi/11.3.1/../../../../arm-none-eabi/lib/thumb/v7e-m+fp/hard\libc_nano.a
LOAD C:/ST/STM32CubeIDE_1.13.2/STM32CubeIDE/plugins/com.st.stm32cube.ide.mcu.externaltools.gnu-tools-for-stm32.11.3.rel1.win32_1.1.1.202309131626/tools/bin/../lib/gcc/arm-none-eabi/11.3.1/../../../../arm-none-eabi/lib/thumb/v7e-m+fp/hard\libnosys.a
END GROUP
LOAD C:/ST/STM32CubeIDE_1.13.2/STM32CubeIDE/plugins/com.st.stm32cube.ide.mcu.externaltools.gnu-tools-for-stm32.11.3.rel1.win32_1.1.1.202309131626/tools/bin/../lib/gcc/arm-none-eabi/11.3.1/thumb/v7e-m+fp/hard/crtend.o
LOAD C:/ST/STM32CubeIDE_1.13.2/STM32CubeIDE/plugins/com.st.stm32cube.ide.mcu.externaltools.gnu-tools-for-stm32.11.3.rel1.win32_1.1.1.202309131626/tools/bin/../lib/gcc/arm-none-eabi/11.3.1/thumb/v7e-m+fp/hard/crtn.o
                0x0000000020018000                _estack = (ORIGIN (RAM) + LENGTH (RAM))
                0x0000000000000200                _Min_Heap_Size = 0x200
                0x0000000000000400                _Min_Stack_Size = 0x400

.isr_vector     0x0000000008000000      0x194
                0x0000000008000000                . = ALIGN (0x4)
 *(.isr_vector)
 .isr_vector    0x0000000008000000      0x194 ./Startup/startup_stm32f401retx.o
                0x0000000008000000                g_pfnVectors
                0x0000000008000194                . = ALIGN (0x4)

.text           0x00000000080001a0     0x24bc
                0x00000000080001a0                . = ALIGN (0x4)
 *(.text)
 .text          0x00000000080001a0       0x40 C:/ST/STM32CubeIDE_1.13.2/STM32CubeIDE/plugins/com.st.stm32cube.ide.mcu.externaltools.gnu-tools-for-stm32.11.3.rel1.win32_1.1.1.202309131626/tools/bin/../lib/gcc/arm-none-eabi/11.3.1/thumb/v7e-m+fp/hard/crtbegin.o
 *(.text*)
 .text.SystemInit
                0x00000000080001e0       0x24 ./CMSIS/src/system_stm32f4xx.o
                0x00000000080001e0                SystemInit
 .text.vApplicationGetIdleTaskMemory
                0x0000000008000204       0x34 ./FreeRTOS/src/freertos.o
                0x0000000008000204                vApplicationGetIdleTaskMemory
 .text.pvPortMalloc
                0x0000000008000238      0x198 ./FreeRTOS/src/heap_4.o
                0x0000000008000238                pvPortMalloc
 .text.vPortFree
                0x00000000080003d0       0xc4 ./FreeRTOS/src/heap_4.o
                0x00000000080003d0                vPortFree
 .text.prvHeapInit
                0x0000000008000494       0xc4 ./FreeRTOS/src/heap_4.o
 .text.prvInsertBlockIntoFreeList
                0x0000000008000558       0xb4 ./FreeRTOS/src/heap_4.o
 .text.vListInitialise
                0x000000000800060c       0x40 ./FreeRTOS/src/list.o
                0x000000000800060c                vListInitialise
 .text.vListInitialiseItem
                0x000000000800064c       0x1a ./FreeRTOS/src/list.o
                0x000000000800064c                vListInitialiseItem
 .text.vListInsertEnd
                0x0000000008000666       0x48 ./FreeRTOS/src/list.o
                0x0000000008000666                vListInsertEnd
 .text.vListInsert
                0x00000000080006ae       0x72 ./FreeRTOS/src/list.o
                0x00000000080006ae                vListInsert
 .text.uxListRemove
                0x0000000008000720       0x54 ./FreeRTOS/src/list.o
                0x0000000008000720                uxListRemove
 .text.pxPortInitialiseStack
                0x0000000008000774       0x68 ./FreeRTOS/src/port.o
                0x0000000008000774                pxPortInitialiseStack
 .text.prvTaskExitError
                0x00000000080007dc       0x58 ./FreeRTOS/src/port.o
 *fill*         0x0000000008000834        0xc 
 .text.SVC_Handler
                0x0000000008000840       0x28 ./FreeRTOS/src/port.o
                0x0000000008000840                SVC_Handler
 .text.prvPortStartFirstTask
                0x0000000008000868       0x28 ./FreeRTOS/src/port.o
 .text.xPortStartScheduler
                0x0000000008000890      0x144 ./FreeRTOS/src/port.o
                0x0000000008000890                xPortStartScheduler
 .text.vPortEnterCritical
                0x00000000080009d4       0x60 ./FreeRTOS/src/port.o
                0x00000000080009d4                vPortEnterCritical
 .text.vPortExitCritical
                0x0000000008000a34       0x54 ./FreeRTOS/src/port.o
                0x0000000008000a34                vPortExitCritical
 *fill*         0x0000000008000a88        0x8 
 .text.PendSV_Handler
                0x0000000008000a90       0x68 ./FreeRTOS/src/port.o
                0x0000000008000a90                PendSV_Handler
 .text.SysTick_Handler
                0x0000000008000af8       0x44 ./FreeRTOS/src/port.o
                0x0000000008000af8                SysTick_Handler
 .text.vPortSetupTimerInterrupt
                0x0000000008000b3c       0x48 ./FreeRTOS/src/port.o
                0x0000000008000b3c                vPortSetupTimerInterrupt
 .text.vPortEnableVFP
                0x0000000008000b84       0x14 ./FreeRTOS/src/port.o
 .text.vPortValidateInterruptPriority
                0x0000000008000b98       0x80 ./FreeRTOS/src/port.o
                0x0000000008000b98                vPortValidateInterruptPriority
 .text.xQueueGenericReset
                0x0000000008000c18       0xd0 ./FreeRTOS/src/queue.o
                0x0000000008000c18                xQueueGenericReset
 .text.xQueueGenericCreate
                0x0000000008000ce8       0x74 ./FreeRTOS/src/queue.o
                0x0000000008000ce8                xQueueGenericCreate
 .text.prvInitialiseNewQueue
                0x0000000008000d5c       0x3e ./FreeRTOS/src/queue.o
 .text.xQueueGenericSendFromISR
                0x0000000008000d9a      0x136 ./FreeRTOS/src/queue.o
                0x0000000008000d9a                xQueueGenericSendFromISR
 .text.xQueueReceive
                0x0000000008000ed0      0x1c0 ./FreeRTOS/src/queue.o
                0x0000000008000ed0                xQueueReceive
 .text.uxQueueMessagesWaiting
                0x0000000008001090       0x3c ./FreeRTOS/src/queue.o
                0x0000000008001090                uxQueueMessagesWaiting
 .text.prvCopyDataToQueue
                0x00000000080010cc       0xd4 ./FreeRTOS/src/queue.o
 .text.prvCopyDataFromQueue
                0x00000000080011a0       0x4c ./FreeRTOS/src/queue.o
 .text.prvUnlockQueue
                0x00000000080011ec       0xa4 ./FreeRTOS/src/queue.o
 .text.prvIsQueueEmpty
                0x0000000008001290       0x2c ./FreeRTOS/src/queue.o
 .text.xTaskCreateStatic
                0x00000000080012bc       0xba ./FreeRTOS/src/tasks.o
                0x00000000080012bc                xTaskCreateStatic
 .text.xTaskCreate
                0x0000000008001376       0x8a ./FreeRTOS/src/tasks.o
                0x0000000008001376                xTaskCreate
 .text.prvInitialiseNewTask
                0x0000000008001400      0x13c ./FreeRTOS/src/tasks.o
 .text.prvAddNewTaskToReadyList
                0x000000000800153c       0xd4 ./FreeRTOS/src/tasks.o
 .text.vTaskStartScheduler
                0x0000000008001610       0xd4 ./FreeRTOS/src/tasks.o
                0x0000000008001610                vTaskStartScheduler
 .text.vTaskSuspendAll
                0x00000000080016e4       0x1c ./FreeRTOS/src/tasks.o
                0x00000000080016e4                vTaskSuspendAll
 .text.xTaskResumeAll
                0x0000000008001700      0x138 ./FreeRTOS/src/tasks.o
                0x0000000008001700                xTaskResumeAll
 .text.xTaskIncrementTick
                0x0000000008001838      0x170 ./FreeRTOS/src/tasks.o
                0x0000000008001838                xTaskIncrementTick
 .text.vTaskSwitchContext
                0x00000000080019a8       0xc4 ./FreeRTOS/src/tasks.o
                0x00000000080019a8                vTaskSwitchContext
 .text.vTaskPlaceOnEventList
                0x0000000008001a6c       0x48 ./FreeRTOS/src/tasks.o
                0x0000000008001a6c                vTaskPlaceOnEventList
 .text.xTaskRemoveFromEventList
                0x0000000008001ab4       0xc4 ./FreeRTOS/src/tasks.o
                0x0000000008001ab4                xTaskRemoveFromEventList
 .text.vTaskInternalSetTimeOutState
                0x0000000008001b78       0x2c ./FreeRTOS/src/tasks.o
                0x0000000008001b78                vTaskInternalSetTimeOutState
 .text.xTaskCheckForTimeOut
                0x0000000008001ba4       0xc4 ./FreeRTOS/src/tasks.o
                0x0000000008001ba4                xTaskCheckForTimeOut
 .text.vTaskMissedYield
                0x0000000008001c68       0x18 ./FreeRTOS/src/tasks.o
                0x0000000008001c68                vTaskMissedYield
 .text.prvIdleTask
                0x0000000008001c80       0x30 ./FreeRTOS/src/tasks.o
 .text.prvInitialiseTaskLists
                0x0000000008001cb0       0x80 ./FreeRTOS/src/tasks.o
 .text.prvCheckTasksWaitingTermination
                0x0000000008001d30       0x5c ./FreeRTOS/src/tasks.o
 .text.prvDeleteTCB
                0x0000000008001d8c       0x68 ./FreeRTOS/src/tasks.o
 .text.prvResetNextTaskUnblockTime
                0x0000000008001df4       0x40 ./FreeRTOS/src/tasks.o
 .text.xTaskGetSchedulerState
                0x0000000008001e34       0x3c ./FreeRTOS/src/tasks.o
                0x0000000008001e34                xTaskGetSchedulerState
 .text.xTaskPriorityDisinherit
                0x0000000008001e70      0x10c ./FreeRTOS/src/tasks.o
                0x0000000008001e70                xTaskPriorityDisinherit
 .text.prvAddCurrentTaskToDelayedList
                0x0000000008001f7c       0xcc ./FreeRTOS/src/tasks.o
 .text.GPIO_Init
                0x0000000008002048       0x4c ./Src/GPIO_Init.o
                0x0000000008002048                GPIO_Init
 .text.TIM2_PWM_Init
                0x0000000008002094       0xb8 ./Src/TIM2_PWM_Init.o
                0x0000000008002094                TIM2_PWM_Init
 .text.__NVIC_EnableIRQ
                0x000000000800214c       0x3c ./Src/USART_Init.o
 .text.__NVIC_SetPriority
                0x0000000008002188       0x54 ./Src/USART_Init.o
 .text.USART_Init
                0x00000000080021dc       0xb0 ./Src/USART_Init.o
                0x00000000080021dc                USART_Init
 .text.USART_Send
                0x000000000800228c       0x30 ./Src/USART_Init.o
                0x000000000800228c                USART_Send
 .text.USART_Send_String
                0x00000000080022bc       0x38 ./Src/USART_Init.o
                0x00000000080022bc                USART_Send_String
 .text.main     0x00000000080022f4       0x78 ./Src/main.o
                0x00000000080022f4                main
 .text.vTaskLed
                0x000000000800236c        0xa ./Src/main.o
                0x000000000800236c                vTaskLed
 *fill*         0x0000000008002376        0x2 
 .text.vTaskAT  0x0000000008002378       0x38 ./Src/main.o
                0x0000000008002378                vTaskAT
 .text.USART1_IRQHandler
                0x00000000080023b0       0x6c ./Src/main.o
                0x00000000080023b0                USART1_IRQHandler
 .text.Reset_Handler
                0x000000000800241c       0x50 ./Startup/startup_stm32f401retx.o
                0x000000000800241c                Reset_Handler
 .text.Default_Handler
                0x000000000800246c        0x2 ./Startup/startup_stm32f401retx.o
                0x000000000800246c                EXTI2_IRQHandler
                0x000000000800246c                DebugMon_Handler
                0x000000000800246c                SPI4_IRQHandler
                0x000000000800246c                TIM1_CC_IRQHandler
                0x000000000800246c                DMA2_Stream5_IRQHandler
                0x000000000800246c                HardFault_Handler
                0x000000000800246c                DMA1_Stream5_IRQHandler
                0x000000000800246c                SDIO_IRQHandler
                0x000000000800246c                TAMP_STAMP_IRQHandler
                0x000000000800246c                NMI_Handler
                0x000000000800246c                EXTI3_IRQHandler
                0x000000000800246c                TIM1_UP_TIM10_IRQHandler
                0x000000000800246c                I2C3_ER_IRQHandler
                0x000000000800246c                EXTI18_OTG_FS_WKUP_IRQHandler
                0x000000000800246c                EXTI0_IRQHandler
                0x000000000800246c                I2C2_EV_IRQHandler
                0x000000000800246c                DMA1_Stream2_IRQHandler
                0x000000000800246c                UsageFault_Handler
                0x000000000800246c                DMA2_Stream2_IRQHandler
                0x000000000800246c                SPI1_IRQHandler
                0x000000000800246c                TIM1_BRK_TIM9_IRQHandler
                0x000000000800246c                DMA2_Stream3_IRQHandler
                0x000000000800246c                USART6_IRQHandler
                0x000000000800246c                DMA2_Stream0_IRQHandler
                0x000000000800246c                TIM4_IRQHandler
                0x000000000800246c                I2C1_EV_IRQHandler
                0x000000000800246c                DMA1_Stream6_IRQHandler
                0x000000000800246c                DMA1_Stream1_IRQHandler
                0x000000000800246c                TIM3_IRQHandler
                0x000000000800246c                RCC_IRQHandler
                0x000000000800246c                Default_Handler
                0x000000000800246c                EXTI15_10_IRQHandler
                0x000000000800246c                ADC_IRQHandler
                0x000000000800246c                DMA1_Stream7_IRQHandler
                0x000000000800246c                TIM5_IRQHandler
                0x000000000800246c                DMA2_Stream7_IRQHandler
                0x000000000800246c                I2C3_EV_IRQHandler
                0x000000000800246c                EXTI9_5_IRQHandler
                0x000000000800246c                SPI2_IRQHandler
                0x000000000800246c                MemManage_Handler
                0x000000000800246c                DMA1_Stream0_IRQHandler
                0x000000000800246c                EXTI4_IRQHandler
                0x000000000800246c                EXTI22_RTC_WKUP_IRQHandler
                0x000000000800246c                TIM2_IRQHandler
                0x000000000800246c                EXTI16_PVD_IRQHandler
                0x000000000800246c                TIM1_TRG_COM_TIM11_IRQHandler
                0x000000000800246c                EXTI1_IRQHandler
                0x000000000800246c                EXTI17_RTC_Alarm_IRQHandler
                0x000000000800246c                USART2_IRQHandler
                0x000000000800246c                I2C2_ER_IRQHandler
                0x000000000800246c                DMA2_Stream1_IRQHandler
                0x000000000800246c                FLASH_IRQHandler
                0x000000000800246c                DMA2_Stream4_IRQHandler
                0x000000000800246c                BusFault_Handler
                0x000000000800246c                OTG_FS_IRQHandler
                0x000000000800246c                SPI3_IRQHandler
                0x000000000800246c                DMA1_Stream4_IRQHandler
                0x000000000800246c                I2C1_ER_IRQHandler
                0x000000000800246c                DMA2_Stream6_IRQHandler
                0x000000000800246c                DMA1_Stream3_IRQHandler
 .text.memset   0x000000000800246e       0x10 C:/ST/STM32CubeIDE_1.13.2/STM32CubeIDE/plugins/com.st.stm32cube.ide.mcu.externaltools.gnu-tools-for-stm32.11.3.rel1.win32_1.1.1.202309131626/tools/bin/../lib/gcc/arm-none-eabi/11.3.1/../../../../arm-none-eabi/lib/thumb/v7e-m+fp/hard\libc_nano.a(libc_a-memset.o)
                0x000000000800246e                memset
 *fill*         0x000000000800247e        0x2 
 .text._reclaim_reent
                0x0000000008002480       0xac C:/ST/STM32CubeIDE_1.13.2/STM32CubeIDE/plugins/com.st.stm32cube.ide.mcu.externaltools.gnu-tools-for-stm32.11.3.rel1.win32_1.1.1.202309131626/tools/bin/../lib/gcc/arm-none-eabi/11.3.1/../../../../arm-none-eabi/lib/thumb/v7e-m+fp/hard\libc_nano.a(libc_a-reent.o)
                0x0000000008002480                _reclaim_reent
 .text.__libc_init_array
                0x000000000800252c       0x48 C:/ST/STM32CubeIDE_1.13.2/STM32CubeIDE/plugins/com.st.stm32cube.ide.mcu.externaltools.gnu-tools-for-stm32.11.3.rel1.win32_1.1.1.202309131626/tools/bin/../lib/gcc/arm-none-eabi/11.3.1/../../../../arm-none-eabi/lib/thumb/v7e-m+fp/hard\libc_nano.a(libc_a-init.o)
                0x000000000800252c                __libc_init_array
 .text.__retarget_lock_acquire_recursive
                0x0000000008002574        0x2 C:/ST/STM32CubeIDE_1.13.2/STM32CubeIDE/plugins/com.st.stm32cube.ide.mcu.externaltools.gnu-tools-for-stm32.11.3.rel1.win32_1.1.1.202309131626/tools/bin/../lib/gcc/arm-none-eabi/11.3.1/../../../../arm-none-eabi/lib/thumb/v7e-m+fp/hard\libc_nano.a(libc_a-lock.o)
                0x0000000008002574                __retarget_lock_acquire_recursive
 .text.__retarget_lock_release_recursive
                0x0000000008002576        0x2 C:/ST/STM32CubeIDE_1.13.2/STM32CubeIDE/plugins/com.st.stm32cube.ide.mcu.externaltools.gnu-tools-for-stm32.11.3.rel1.win32_1.1.1.202309131626/tools/bin/../lib/gcc/arm-none-eabi/11.3.1/../../../../arm-none-eabi/lib/thumb/v7e-m+fp/hard\libc_nano.a(libc_a-lock.o)
                0x0000000008002576                __retarget_lock_release_recursive
 .text.memcpy   0x0000000008002578       0x1c C:/ST/STM32CubeIDE_1.13.2/STM32CubeIDE/plugins/com.st.stm32cube.ide.mcu.externaltools.gnu-tools-for-stm32.11.3.rel1.win32_1.1.1.202309131626/tools/bin/../lib/gcc/arm-none-eabi/11.3.1/../../../../arm-none-eabi/lib/thumb/v7e-m+fp/hard\libc_nano.a(libc_a-memcpy-stub.o)
                0x0000000008002578                memcpy
 .text._free_r  0x0000000008002594       0x98 C:/ST/STM32CubeIDE_1.13.2/STM32CubeIDE/plugins/com.st.stm32cube.ide.mcu.externaltools.gnu-tools-for-stm32.11.3.rel1.win32_1.1.1.202309131626/tools/bin/../lib/gcc/arm-none-eabi/11.3.1/../../../../arm-none-eabi/lib/thumb/v7e-m+fp/hard\libc_nano.a(libc_a-freer.o)
                0x0000000008002594                _free_r
 .text.__malloc_lock
                0x000000000800262c        0xc C:/ST/STM32CubeIDE_1.13.2/STM32CubeIDE/plugins/com.st.stm32cube.ide.mcu.externaltools.gnu-tools-for-stm32.11.3.rel1.win32_1.1.1.202309131626/tools/bin/../lib/gcc/arm-none-eabi/11.3.1/../../../../arm-none-eabi/lib/thumb/v7e-m+fp/hard\libc_nano.a(libc_a-mlock.o)
                0x000000000800262c                __malloc_lock
 .text.__malloc_unlock
                0x0000000008002638        0xc C:/ST/STM32CubeIDE_1.13.2/STM32CubeIDE/plugins/com.st.stm32cube.ide.mcu.externaltools.gnu-tools-for-stm32.11.3.rel1.win32_1.1.1.202309131626/tools/bin/../lib/gcc/arm-none-eabi/11.3.1/../../../../arm-none-eabi/lib/thumb/v7e-m+fp/hard\libc_nano.a(libc_a-mlock.o)
                0x0000000008002638                __malloc_unlock
 *(.glue_7)
 .glue_7        0x0000000008002644        0x0 linker stubs
 *(.glue_7t)
 .glue_7t       0x0000000008002644        0x0 linker stubs
 *(.eh_frame)
 .eh_frame      0x0000000008002644        0x0 C:/ST/STM32CubeIDE_1.13.2/STM32CubeIDE/plugins/com.st.stm32cube.ide.mcu.externaltools.gnu-tools-for-stm32.11.3.rel1.win32_1.1.1.202309131626/tools/bin/../lib/gcc/arm-none-eabi/11.3.1/thumb/v7e-m+fp/hard/crtbegin.o
 *(.init)
 .init          0x0000000008002644        0x4 C:/ST/STM32CubeIDE_1.13.2/STM32CubeIDE/plugins/com.st.stm32cube.ide.mcu.externaltools.gnu-tools-for-stm32.11.3.rel1.win32_1.1.1.202309131626/tools/bin/../lib/gcc/arm-none-eabi/11.3.1/thumb/v7e-m+fp/hard/crti.o
                0x0000000008002644                _init
 .init          0x0000000008002648        0x8 C:/ST/STM32CubeIDE_1.13.2/STM32CubeIDE/plugins/com.st.stm32cube.ide.mcu.externaltools.gnu-tools-for-stm32.11.3.rel1.win32_1.1.1.202309131626/tools/bin/../lib/gcc/arm-none-eabi/11.3.1/thumb/v7e-m+fp/hard/crtn.o
 *(.fini)
 .fini          0x0000000008002650        0x4 C:/ST/STM32CubeIDE_1.13.2/STM32CubeIDE/plugins/com.st.stm32cube.ide.mcu.externaltools.gnu-tools-for-stm32.11.3.rel1.win32_1.1.1.202309131626/tools/bin/../lib/gcc/arm-none-eabi/11.3.1/thumb/v7e-m+fp/hard/crti.o
                0x0000000008002650                _fini
 .fini          0x0000000008002654        0x8 C:/ST/STM32CubeIDE_1.13.2/STM32CubeIDE/plugins/com.st.stm32cube.ide.mcu.externaltools.gnu-tools-for-stm32.11.3.rel1.win32_1.1.1.202309131626/tools/bin/../lib/gcc/arm-none-eabi/11.3.1/thumb/v7e-m+fp/hard/crtn.o
                0x000000000800265c                . = ALIGN (0x4)
                0x000000000800265c                _etext = .

.vfp11_veneer   0x000000000800265c        0x0
 .vfp11_veneer  0x000000000800265c        0x0 linker stubs

.v4_bx          0x000000000800265c        0x0
 .v4_bx         0x000000000800265c        0x0 linker stubs

.iplt           0x000000000800265c        0x0
 .iplt          0x000000000800265c        0x0 C:/ST/STM32CubeIDE_1.13.2/STM32CubeIDE/plugins/com.st.stm32cube.ide.mcu.externaltools.gnu-tools-for-stm32.11.3.rel1.win32_1.1.1.202309131626/tools/bin/../lib/gcc/arm-none-eabi/11.3.1/thumb/v7e-m+fp/hard/crtbegin.o

.rodata         0x000000000800265c       0x18
                0x000000000800265c                . = ALIGN (0x4)
 *(.rodata)
 .rodata        0x000000000800265c        0x5 ./FreeRTOS/src/tasks.o
 *fill*         0x0000000008002661        0x3 
 .rodata        0x0000000008002664        0xf ./Src/main.o
 *(.rodata*)
                0x0000000008002674                . = ALIGN (0x4)
 *fill*         0x0000000008002673        0x1 

.rel.dyn        0x0000000008002674        0x0
 .rel.iplt      0x0000000008002674        0x0 C:/ST/STM32CubeIDE_1.13.2/STM32CubeIDE/plugins/com.st.stm32cube.ide.mcu.externaltools.gnu-tools-for-stm32.11.3.rel1.win32_1.1.1.202309131626/tools/bin/../lib/gcc/arm-none-eabi/11.3.1/thumb/v7e-m+fp/hard/crtbegin.o

.ARM.extab      0x0000000008002674        0x0
                0x0000000008002674                . = ALIGN (0x4)
 *(.ARM.extab* .gnu.linkonce.armextab.*)
                0x0000000008002674                . = ALIGN (0x4)

.ARM            0x0000000008002674        0x0
                0x0000000008002674                . = ALIGN (0x4)
                0x0000000008002674                __exidx_start = .
 *(.ARM.exidx*)
                0x0000000008002674                __exidx_end = .
                0x0000000008002674                . = ALIGN (0x4)

.preinit_array  0x0000000008002674        0x0
                0x0000000008002674                . = ALIGN (0x4)
                0x0000000008002674                PROVIDE (__preinit_array_start = .)
 *(.preinit_array*)
                0x0000000008002674                PROVIDE (__preinit_array_end = .)
                0x0000000008002674                . = ALIGN (0x4)

.init_array     0x0000000008002674        0x4
                0x0000000008002674                . = ALIGN (0x4)
                0x0000000008002674                PROVIDE (__init_array_start = .)
 *(SORT_BY_NAME(.init_array.*))
 *(.init_array*)
 .init_array    0x0000000008002674        0x4 C:/ST/STM32CubeIDE_1.13.2/STM32CubeIDE/plugins/com.st.stm32cube.ide.mcu.externaltools.gnu-tools-for-stm32.11.3.rel1.win32_1.1.1.202309131626/tools/bin/../lib/gcc/arm-none-eabi/11.3.1/thumb/v7e-m+fp/hard/crtbegin.o
                0x0000000008002678                PROVIDE (__init_array_end = .)
                0x0000000008002678                . = ALIGN (0x4)

.fini_array     0x0000000008002678        0x4
                0x0000000008002678                . = ALIGN (0x4)
                [!provide]                        PROVIDE (__fini_array_start = .)
 *(SORT_BY_NAME(.fini_array.*))
 *(.fini_array*)
 .fini_array    0x0000000008002678        0x4 C:/ST/STM32CubeIDE_1.13.2/STM32CubeIDE/plugins/com.st.stm32cube.ide.mcu.externaltools.gnu-tools-for-stm32.11.3.rel1.win32_1.1.1.202309131626/tools/bin/../lib/gcc/arm-none-eabi/11.3.1/thumb/v7e-m+fp/hard/crtbegin.o
                [!provide]                        PROVIDE (__fini_array_end = .)
                0x000000000800267c                . = ALIGN (0x4)
                0x000000000800267c                _sidata = LOADADDR (.data)

.data           0x0000000020000000       0x58 load address 0x000000000800267c
                0x0000000020000000                . = ALIGN (0x4)
                0x0000000020000000                _sdata = .
 *(.data)
 *(.data*)
 .data.SystemCoreClock
                0x0000000020000000        0x4 ./CMSIS/src/system_stm32f4xx.o
                0x0000000020000000                SystemCoreClock
 .data.uxCriticalNesting
                0x0000000020000004        0x4 ./FreeRTOS/src/port.o
 .data._impure_data
                0x0000000020000008       0x4c C:/ST/STM32CubeIDE_1.13.2/STM32CubeIDE/plugins/com.st.stm32cube.ide.mcu.externaltools.gnu-tools-for-stm32.11.3.rel1.win32_1.1.1.202309131626/tools/bin/../lib/gcc/arm-none-eabi/11.3.1/../../../../arm-none-eabi/lib/thumb/v7e-m+fp/hard\libc_nano.a(libc_a-impure.o)
                0x0000000020000008                _impure_data
 .data._impure_ptr
                0x0000000020000054        0x4 C:/ST/STM32CubeIDE_1.13.2/STM32CubeIDE/plugins/com.st.stm32cube.ide.mcu.externaltools.gnu-tools-for-stm32.11.3.rel1.win32_1.1.1.202309131626/tools/bin/../lib/gcc/arm-none-eabi/11.3.1/../../../../arm-none-eabi/lib/thumb/v7e-m+fp/hard\libc_nano.a(libc_a-impure.o)
                0x0000000020000054                _impure_ptr
 *(.RamFunc)
 *(.RamFunc*)
                0x0000000020000058                . = ALIGN (0x4)
                0x0000000020000058                _edata = .

.igot.plt       0x0000000020000058        0x0 load address 0x00000000080026d4
 .igot.plt      0x0000000020000058        0x0 C:/ST/STM32CubeIDE_1.13.2/STM32CubeIDE/plugins/com.st.stm32cube.ide.mcu.externaltools.gnu-tools-for-stm32.11.3.rel1.win32_1.1.1.202309131626/tools/bin/../lib/gcc/arm-none-eabi/11.3.1/thumb/v7e-m+fp/hard/crtbegin.o
                0x0000000020000058                . = ALIGN (0x4)

.bss            0x0000000020000058     0x4158 load address 0x00000000080026d4
                0x0000000020000058                _sbss = .
                0x0000000020000058                __bss_start__ = _sbss
 *(.bss)
 .bss           0x0000000020000058       0x1c C:/ST/STM32CubeIDE_1.13.2/STM32CubeIDE/plugins/com.st.stm32cube.ide.mcu.externaltools.gnu-tools-for-stm32.11.3.rel1.win32_1.1.1.202309131626/tools/bin/../lib/gcc/arm-none-eabi/11.3.1/thumb/v7e-m+fp/hard/crtbegin.o
 *(.bss*)
 .bss.xIdleTaskTCBBuffer
                0x0000000020000074       0xa0 ./FreeRTOS/src/freertos.o
 .bss.xIdleStack
                0x0000000020000114      0x200 ./FreeRTOS/src/freertos.o
 .bss.ucHeap    0x0000000020000314     0x3c00 ./FreeRTOS/src/heap_4.o
 .bss.xStart    0x0000000020003f14        0x8 ./FreeRTOS/src/heap_4.o
 .bss.pxEnd     0x0000000020003f1c        0x4 ./FreeRTOS/src/heap_4.o
 .bss.xFreeBytesRemaining
                0x0000000020003f20        0x4 ./FreeRTOS/src/heap_4.o
 .bss.xMinimumEverFreeBytesRemaining
                0x0000000020003f24        0x4 ./FreeRTOS/src/heap_4.o
 .bss.xNumberOfSuccessfulAllocations
                0x0000000020003f28        0x4 ./FreeRTOS/src/heap_4.o
 .bss.xNumberOfSuccessfulFrees
                0x0000000020003f2c        0x4 ./FreeRTOS/src/heap_4.o
 .bss.xBlockAllocatedBit
                0x0000000020003f30        0x4 ./FreeRTOS/src/heap_4.o
 .bss.ucMaxSysCallPriority
                0x0000000020003f34        0x1 ./FreeRTOS/src/port.o
 *fill*         0x0000000020003f35        0x3 
 .bss.ulMaxPRIGROUPValue
                0x0000000020003f38        0x4 ./FreeRTOS/src/port.o
 .bss.pxCurrentTCB
                0x0000000020003f3c        0x4 ./FreeRTOS/src/tasks.o
                0x0000000020003f3c                pxCurrentTCB
 .bss.pxReadyTasksLists
                0x0000000020003f40       0x8c ./FreeRTOS/src/tasks.o
 .bss.xDelayedTaskList1
                0x0000000020003fcc       0x14 ./FreeRTOS/src/tasks.o
 .bss.xDelayedTaskList2
                0x0000000020003fe0       0x14 ./FreeRTOS/src/tasks.o
 .bss.pxDelayedTaskList
                0x0000000020003ff4        0x4 ./FreeRTOS/src/tasks.o
 .bss.pxOverflowDelayedTaskList
                0x0000000020003ff8        0x4 ./FreeRTOS/src/tasks.o
 .bss.xPendingReadyList
                0x0000000020003ffc       0x14 ./FreeRTOS/src/tasks.o
 .bss.xTasksWaitingTermination
                0x0000000020004010       0x14 ./FreeRTOS/src/tasks.o
 .bss.uxDeletedTasksWaitingCleanUp
                0x0000000020004024        0x4 ./FreeRTOS/src/tasks.o
 .bss.xSuspendedTaskList
                0x0000000020004028       0x14 ./FreeRTOS/src/tasks.o
 .bss.uxCurrentNumberOfTasks
                0x000000002000403c        0x4 ./FreeRTOS/src/tasks.o
 .bss.xTickCount
                0x0000000020004040        0x4 ./FreeRTOS/src/tasks.o
 .bss.uxTopReadyPriority
                0x0000000020004044        0x4 ./FreeRTOS/src/tasks.o
 .bss.xSchedulerRunning
                0x0000000020004048        0x4 ./FreeRTOS/src/tasks.o
 .bss.xPendedTicks
                0x000000002000404c        0x4 ./FreeRTOS/src/tasks.o
 .bss.xYieldPending
                0x0000000020004050        0x4 ./FreeRTOS/src/tasks.o
 .bss.xNumOfOverflows
                0x0000000020004054        0x4 ./FreeRTOS/src/tasks.o
 .bss.uxTaskNumber
                0x0000000020004058        0x4 ./FreeRTOS/src/tasks.o
 .bss.xNextTaskUnblockTime
                0x000000002000405c        0x4 ./FreeRTOS/src/tasks.o
 .bss.xIdleTaskHandle
                0x0000000020004060        0x4 ./FreeRTOS/src/tasks.o
 .bss.uxSchedulerSuspended
                0x0000000020004064        0x4 ./FreeRTOS/src/tasks.o
 .bss.xCmdQueue
                0x0000000020004068        0x4 ./Src/main.o
                0x0000000020004068                xCmdQueue
 .bss.xLedQueue
                0x000000002000406c        0x4 ./Src/main.o
                0x000000002000406c                xLedQueue
 .bss.__sf      0x0000000020004070      0x138 C:/ST/STM32CubeIDE_1.13.2/STM32CubeIDE/plugins/com.st.stm32cube.ide.mcu.externaltools.gnu-tools-for-stm32.11.3.rel1.win32_1.1.1.202309131626/tools/bin/../lib/gcc/arm-none-eabi/11.3.1/../../../../arm-none-eabi/lib/thumb/v7e-m+fp/hard\libc_nano.a(libc_a-findfp.o)
                0x0000000020004070                __sf
 .bss.__lock___malloc_recursive_mutex
                0x00000000200041a8        0x1 C:/ST/STM32CubeIDE_1.13.2/STM32CubeIDE/plugins/com.st.stm32cube.ide.mcu.externaltools.gnu-tools-for-stm32.11.3.rel1.win32_1.1.1.202309131626/tools/bin/../lib/gcc/arm-none-eabi/11.3.1/../../../../arm-none-eabi/lib/thumb/v7e-m+fp/hard\libc_nano.a(libc_a-lock.o)
                0x00000000200041a8                __lock___malloc_recursive_mutex
 *fill*         0x00000000200041a9        0x3 
 .bss.__malloc_free_list
                0x00000000200041ac        0x4 C:/ST/STM32CubeIDE_1.13.2/STM32CubeIDE/plugins/com.st.stm32cube.ide.mcu.externaltools.gnu-tools-for-stm32.11.3.rel1.win32_1.1.1.202309131626/tools/bin/../lib/gcc/arm-none-eabi/11.3.1/../../../../arm-none-eabi/lib/thumb/v7e-m+fp/hard\libc_nano.a(libc_a-mallocr.o)
                0x00000000200041ac                __malloc_free_list
 *(COMMON)
                0x00000000200041b0                . = ALIGN (0x4)
                0x00000000200041b0                _ebss = .
                0x00000000200041b0                __bss_end__ = _ebss

._user_heap_stack
                0x00000000200041b0      0x600 load address 0x00000000080026d4
                0x00000000200041b0                . = ALIGN (0x8)
                [!provide]                        PROVIDE (end = .)
                0x00000000200041b0                PROVIDE (_end = .)
                0x00000000200043b0                . = (. + _Min_Heap_Size)
 *fill*         0x00000000200041b0      0x200 
                0x00000000200047b0                . = (. + _Min_Stack_Size)
 *fill*         0x00000000200043b0      0x400 
                0x00000000200047b0                . = ALIGN (0x8)

/DISCARD/
 libc.a(*)
 libm.a(*)
 libgcc.a(*)

.ARM.attributes
                0x0000000000000000       0x30
 *(.ARM.attributes)
 .ARM.attributes
                0x0000000000000000       0x1e C:/ST/STM32CubeIDE_1.13.2/STM32CubeIDE/plugins/com.st.stm32cube.ide.mcu.externaltools.gnu-tools-for-stm32.11.3.rel1.win32_1.1.1.202309131626/tools/bin/../lib/gcc/arm-none-eabi/11.3.1/thumb/v7e-m+fp/hard/crti.o
 .ARM.attributes
                0x000000000000001e       0x34 C:/ST/STM32CubeIDE_1.13.2/STM32CubeIDE/plugins/com.st.stm32cube.ide.mcu.externaltools.gnu-tools-for-stm32.11.3.rel1.win32_1.1.1.202309131626/tools/bin/../lib/gcc/arm-none-eabi/11.3.1/thumb/v7e-m+fp/hard/crtbegin.o
 .ARM.attributes
                0x0000000000000052       0x34 ./CMSIS/src/system_stm32f4xx.o
 .ARM.attributes
                0x0000000000000086       0x34 ./FreeRTOS/src/freertos.o
 .ARM.attributes
                0x00000000000000ba       0x34 ./FreeRTOS/src/heap_4.o
 .ARM.attributes
                0x00000000000000ee       0x34 ./FreeRTOS/src/list.o
 .ARM.attributes
                0x0000000000000122       0x34 ./FreeRTOS/src/port.o
 .ARM.attributes
                0x0000000000000156       0x34 ./FreeRTOS/src/queue.o
 .ARM.attributes
                0x000000000000018a       0x34 ./FreeRTOS/src/tasks.o
 .ARM.attributes
                0x00000000000001be       0x34 ./Src/GPIO_Init.o
 .ARM.attributes
                0x00000000000001f2       0x34 ./Src/TIM2_PWM_Init.o
 .ARM.attributes
                0x0000000000000226       0x34 ./Src/USART_Init.o
 .ARM.attributes
                0x000000000000025a       0x34 ./Src/main.o
 .ARM.attributes
                0x000000000000028e       0x21 ./Startup/startup_stm32f401retx.o
 .ARM.attributes
                0x00000000000002af       0x34 C:/ST/STM32CubeIDE_1.13.2/STM32CubeIDE/plugins/com.st.stm32cube.ide.mcu.externaltools.gnu-tools-for-stm32.11.3.rel1.win32_1.1.1.202309131626/tools/bin/../lib/gcc/arm-none-eabi/11.3.1/../../../../arm-none-eabi/lib/thumb/v7e-m+fp/hard\libc_nano.a(libc_a-findfp.o)
 .ARM.attributes
                0x00000000000002e3       0x34 C:/ST/STM32CubeIDE_1.13.2/STM32CubeIDE/plugins/com.st.stm32cube.ide.mcu.externaltools.gnu-tools-for-stm32.11.3.rel1.win32_1.1.1.202309131626/tools/bin/../lib/gcc/arm-none-eabi/11.3.1/../../../../arm-none-eabi/lib/thumb/v7e-m+fp/hard\libc_nano.a(libc_a-memset.o)
 .ARM.attributes
                0x0000000000000317       0x34 C:/ST/STM32CubeIDE_1.13.2/STM32CubeIDE/plugins/com.st.stm32cube.ide.mcu.externaltools.gnu-tools-for-stm32.11.3.rel1.win32_1.1.1.202309131626/tools/bin/../lib/gcc/arm-none-eabi/11.3.1/../../../../arm-none-eabi/lib/thumb/v7e-m+fp/hard\libc_nano.a(libc_a-reent.o)
 .ARM.attributes
                0x000000000000034b       0x34 C:/ST/STM32CubeIDE_1.13.2/STM32CubeIDE/plugins/com.st.stm32cube.ide.mcu.externaltools.gnu-tools-for-stm32.11.3.rel1.win32_1.1.1.202309131626/tools/bin/../lib/gcc/arm-none-eabi/11.3.1/../../../../arm-none-eabi/lib/thumb/v7e-m+fp/hard\libc_nano.a(libc_a-impure.o)
 .ARM.attributes
                0x000000000000037f       0x34 C:/ST/STM32CubeIDE_1.13.2/STM32CubeIDE/plugins/com.st.stm32cube.ide.mcu.externaltools.gnu-tools-for-stm32.11.3.rel1.win32_1.1.1.202309131626/tools/bin/../lib/gcc/arm-none-eabi/11.3.1/../../../../arm-none-eabi/lib/thumb/v7e-m+fp/hard\libc_nano.a(libc_a-init.o)
 .ARM.attributes
                0x00000000000003b3       0x34 C:/ST/STM32CubeIDE_1.13.2/STM32CubeIDE/plugins/com.st.stm32cube.ide.mcu.externaltools.gnu-tools-for-stm32.11.3.rel1.win32_1.1.1.202309131626/tools/bin/../lib/gcc/arm-none-eabi/11.3.1/../../../../arm-none-eabi/lib/thumb/v7e-m+fp/hard\libc_nano.a(libc_a-lock.o)
 .ARM.attributes
                0x00000000000003e7       0x34 C:/ST/STM32CubeIDE_1.13.2/STM32CubeIDE/plugins/com.st.stm32cube.ide.mcu.externaltools.gnu-tools-for-stm32.11.3.rel1.win32_1.1.1.202309131626/tools/bin/../lib/gcc/arm-none-eabi/11.3.1/../../../../arm-none-eabi/lib/thumb/v7e-m+fp/hard\libc_nano.a(libc_a-memcpy-stub.o)
 .ARM.attributes
                0x000000000000041b       0x34 C:/ST/STM32CubeIDE_1.13.2/STM32CubeIDE/plugins/com.st.stm32cube.ide.mcu.externaltools.gnu-tools-for-stm32.11.3.rel1.win32_1.1.1.202309131626/tools/bin/../lib/gcc/arm-none-eabi/11.3.1/../../../../arm-none-eabi/lib/thumb/v7e-m+fp/hard\libc_nano.a(libc_a-freer.o)
 .ARM.attributes
                0x000000000000044f       0x34 C:/ST/STM32CubeIDE_1.13.2/STM32CubeIDE/plugins/com.st.stm32cube.ide.mcu.externaltools.gnu-tools-for-stm32.11.3.rel1.win32_1.1.1.202309131626/tools/bin/../lib/gcc/arm-none-eabi/11.3.1/../../../../arm-none-eabi/lib/thumb/v7e-m+fp/hard\libc_nano.a(libc_a-mallocr.o)
 .ARM.attributes
                0x0000000000000483       0x34 C:/ST/STM32CubeIDE_1.13.2/STM32CubeIDE/plugins/com.st.stm32cube.ide.mcu.externaltools.gnu-tools-for-stm32.11.3.rel1.win32_1.1.1.202309131626/tools/bin/../lib/gcc/arm-none-eabi/11.3.1/../../../../arm-none-eabi/lib/thumb/v7e-m+fp/hard\libc_nano.a(libc_a-mlock.o)
 .ARM.attributes
                0x00000000000004b7       0x1e C:/ST/STM32CubeIDE_1.13.2/STM32CubeIDE/plugins/com.st.stm32cube.ide.mcu.externaltools.gnu-tools-for-stm32.11.3.rel1.win32_1.1.1.202309131626/tools/bin/../lib/gcc/arm-none-eabi/11.3.1/thumb/v7e-m+fp/hard/crtn.o
OUTPUT(STM32F4_FreeRTOS_Led_Brightness_AT_Com_CMSIS.elf elf32-littlearm)
LOAD linker stubs
LOAD C:/ST/STM32CubeIDE_1.13.2/STM32CubeIDE/plugins/com.st.stm32cube.ide.mcu.externaltools.gnu-tools-for-stm32.11.3.rel1.win32_1.1.1.202309131626/tools/bin/../lib/gcc/arm-none-eabi/11.3.1/../../../../arm-none-eabi/lib/thumb/v7e-m+fp/hard\libc.a
LOAD C:/ST/STM32CubeIDE_1.13.2/STM32CubeIDE/plugins/com.st.stm32cube.ide.mcu.externaltools.gnu-tools-for-stm32.11.3.rel1.win32_1.1.1.202309131626/tools/bin/../lib/gcc/arm-none-eabi/11.3.1/../../../../arm-none-eabi/lib/thumb/v7e-m+fp/hard\libm.a
LOAD C:/ST/STM32CubeIDE_1.13.2/STM32CubeIDE/plugins/com.st.stm32cube.ide.mcu.externaltools.gnu-tools-for-stm32.11.3.rel1.win32_1.1.1.202309131626/tools/bin/../lib/gcc/arm-none-eabi/11.3.1/thumb/v7e-m+fp/hard\libgcc.a

.comment        0x0000000000000000       0x43
 .comment       0x0000000000000000       0x43 C:/ST/STM32CubeIDE_1.13.2/STM32CubeIDE/plugins/com.st.stm32cube.ide.mcu.externaltools.gnu-tools-for-stm32.11.3.rel1.win32_1.1.1.202309131626/tools/bin/../lib/gcc/arm-none-eabi/11.3.1/thumb/v7e-m+fp/hard/crtbegin.o
                                         0x44 (size before relaxing)
 .comment       0x0000000000000043       0x44 ./CMSIS/src/system_stm32f4xx.o
 .comment       0x0000000000000043       0x44 ./FreeRTOS/src/freertos.o
 .comment       0x0000000000000043       0x44 ./FreeRTOS/src/heap_4.o
 .comment       0x0000000000000043       0x44 ./FreeRTOS/src/list.o
 .comment       0x0000000000000043       0x44 ./FreeRTOS/src/port.o
 .comment       0x0000000000000043       0x44 ./FreeRTOS/src/queue.o
 .comment       0x0000000000000043       0x44 ./FreeRTOS/src/tasks.o
 .comment       0x0000000000000043       0x44 ./Src/GPIO_Init.o
 .comment       0x0000000000000043       0x44 ./Src/TIM2_PWM_Init.o
 .comment       0x0000000000000043       0x44 ./Src/USART_Init.o
 .comment       0x0000000000000043       0x44 ./Src/main.o

.debug_info     0x0000000000000000     0x6a34
 .debug_info    0x0000000000000000      0x537 ./CMSIS/src/system_stm32f4xx.o
 .debug_info    0x0000000000000537      0x918 ./FreeRTOS/src/freertos.o
 .debug_info    0x0000000000000e4f      0x4d5 ./FreeRTOS/src/heap_4.o
 .debug_info    0x0000000000001324      0x2af ./FreeRTOS/src/list.o
 .debug_info    0x00000000000015d3      0x4de ./FreeRTOS/src/port.o
 .debug_info    0x0000000000001ab1     0x17cd ./FreeRTOS/src/queue.o
 .debug_info    0x000000000000327e     0x239d ./FreeRTOS/src/tasks.o
 .debug_info    0x000000000000561b      0x2e8 ./Src/GPIO_Init.o
 .debug_info    0x0000000000005903      0x3f6 ./Src/TIM2_PWM_Init.o
 .debug_info    0x0000000000005cf9      0x95d ./Src/USART_Init.o
 .debug_info    0x0000000000006656      0x3bb ./Src/main.o
 .debug_info    0x0000000000006a11       0x23 ./Startup/startup_stm32f401retx.o

.debug_abbrev   0x0000000000000000     0x147e
 .debug_abbrev  0x0000000000000000      0x11a ./CMSIS/src/system_stm32f4xx.o
 .debug_abbrev  0x000000000000011a      0x16f ./FreeRTOS/src/freertos.o
 .debug_abbrev  0x0000000000000289      0x21d ./FreeRTOS/src/heap_4.o
 .debug_abbrev  0x00000000000004a6       0xf5 ./FreeRTOS/src/list.o
 .debug_abbrev  0x000000000000059b      0x25c ./FreeRTOS/src/port.o
 .debug_abbrev  0x00000000000007f7      0x3b5 ./FreeRTOS/src/queue.o
 .debug_abbrev  0x0000000000000bac      0x3d0 ./FreeRTOS/src/tasks.o
 .debug_abbrev  0x0000000000000f7c       0xb5 ./Src/GPIO_Init.o
 .debug_abbrev  0x0000000000001031       0xb5 ./Src/TIM2_PWM_Init.o
 .debug_abbrev  0x00000000000010e6      0x1de ./Src/USART_Init.o
 .debug_abbrev  0x00000000000012c4      0x1a8 ./Src/main.o
 .debug_abbrev  0x000000000000146c       0x12 ./Startup/startup_stm32f401retx.o

.debug_aranges  0x0000000000000000      0x508
 .debug_aranges
                0x0000000000000000       0x28 ./CMSIS/src/system_stm32f4xx.o
 .debug_aranges
                0x0000000000000028       0x20 ./FreeRTOS/src/freertos.o
 .debug_aranges
                0x0000000000000048       0x58 ./FreeRTOS/src/heap_4.o
 .debug_aranges
                0x00000000000000a0       0x40 ./FreeRTOS/src/list.o
 .debug_aranges
                0x00000000000000e0       0x80 ./FreeRTOS/src/port.o
 .debug_aranges
                0x0000000000000160      0x108 ./FreeRTOS/src/queue.o
 .debug_aranges
                0x0000000000000268      0x1b8 ./FreeRTOS/src/tasks.o
 .debug_aranges
                0x0000000000000420       0x20 ./Src/GPIO_Init.o
 .debug_aranges
                0x0000000000000440       0x20 ./Src/TIM2_PWM_Init.o
 .debug_aranges
                0x0000000000000460       0x48 ./Src/USART_Init.o
 .debug_aranges
                0x00000000000004a8       0x38 ./Src/main.o
 .debug_aranges
                0x00000000000004e0       0x28 ./Startup/startup_stm32f401retx.o

.debug_rnglists
                0x0000000000000000      0x3ba
 .debug_rnglists
                0x0000000000000000       0x1a ./CMSIS/src/system_stm32f4xx.o
 .debug_rnglists
                0x000000000000001a       0x13 ./FreeRTOS/src/freertos.o
 .debug_rnglists
                0x000000000000002d       0x42 ./FreeRTOS/src/heap_4.o
 .debug_rnglists
                0x000000000000006f       0x2b ./FreeRTOS/src/list.o
 .debug_rnglists
                0x000000000000009a       0x5d ./FreeRTOS/src/port.o
 .debug_rnglists
                0x00000000000000f7       0xcd ./FreeRTOS/src/queue.o
 .debug_rnglists
                0x00000000000001c4      0x15f ./FreeRTOS/src/tasks.o
 .debug_rnglists
                0x0000000000000323       0x13 ./Src/GPIO_Init.o
 .debug_rnglists
                0x0000000000000336       0x14 ./Src/TIM2_PWM_Init.o
 .debug_rnglists
                0x000000000000034a       0x32 ./Src/USART_Init.o
 .debug_rnglists
                0x000000000000037c       0x25 ./Src/main.o
 .debug_rnglists
                0x00000000000003a1       0x19 ./Startup/startup_stm32f401retx.o

.debug_macro    0x0000000000000000     0xf086
 .debug_macro   0x0000000000000000       0xda ./CMSIS/src/system_stm32f4xx.o
 .debug_macro   0x00000000000000da      0xaae ./CMSIS/src/system_stm32f4xx.o
 .debug_macro   0x0000000000000b88       0x2e ./CMSIS/src/system_stm32f4xx.o
 .debug_macro   0x0000000000000bb6       0x28 ./CMSIS/src/system_stm32f4xx.o
 .debug_macro   0x0000000000000bde       0x22 ./CMSIS/src/system_stm32f4xx.o
 .debug_macro   0x0000000000000c00       0x8e ./CMSIS/src/system_stm32f4xx.o
 .debug_macro   0x0000000000000c8e       0x51 ./CMSIS/src/system_stm32f4xx.o
 .debug_macro   0x0000000000000cdf      0x103 ./CMSIS/src/system_stm32f4xx.o
 .debug_macro   0x0000000000000de2       0x6a ./CMSIS/src/system_stm32f4xx.o
 .debug_macro   0x0000000000000e4c      0x1df ./CMSIS/src/system_stm32f4xx.o
 .debug_macro   0x000000000000102b       0x1c ./CMSIS/src/system_stm32f4xx.o
 .debug_macro   0x0000000000001047       0x22 ./CMSIS/src/system_stm32f4xx.o
 .debug_macro   0x0000000000001069       0xd9 ./CMSIS/src/system_stm32f4xx.o
 .debug_macro   0x0000000000001142     0x102d ./CMSIS/src/system_stm32f4xx.o
 .debug_macro   0x000000000000216f      0x11f ./CMSIS/src/system_stm32f4xx.o
 .debug_macro   0x000000000000228e     0xb86c ./CMSIS/src/system_stm32f4xx.o
 .debug_macro   0x000000000000dafa       0x6d ./CMSIS/src/system_stm32f4xx.o
 .debug_macro   0x000000000000db67      0x16d ./FreeRTOS/src/freertos.o
 .debug_macro   0x000000000000dcd4      0x1c0 ./FreeRTOS/src/heap_4.o
 .debug_macro   0x000000000000de94      0x199 ./FreeRTOS/src/list.o
 .debug_macro   0x000000000000e02d      0x233 ./FreeRTOS/src/port.o
 .debug_macro   0x000000000000e260      0x228 ./FreeRTOS/src/queue.o
 .debug_macro   0x000000000000e488       0x16 ./FreeRTOS/src/queue.o
 .debug_macro   0x000000000000e49e       0x20 ./FreeRTOS/src/queue.o
 .debug_macro   0x000000000000e4be       0x87 ./FreeRTOS/src/queue.o
 .debug_macro   0x000000000000e545      0x28b ./FreeRTOS/src/tasks.o
 .debug_macro   0x000000000000e7d0       0x10 ./FreeRTOS/src/tasks.o
 .debug_macro   0x000000000000e7e0       0xd2 ./Src/GPIO_Init.o
 .debug_macro   0x000000000000e8b2       0xd2 ./Src/TIM2_PWM_Init.o
 .debug_macro   0x000000000000e984      0x1c4 ./Src/USART_Init.o
 .debug_macro   0x000000000000eb48       0xf1 ./Src/USART_Init.o
 .debug_macro   0x000000000000ec39      0x286 ./Src/main.o
 .debug_macro   0x000000000000eebf       0x1c ./Src/main.o
 .debug_macro   0x000000000000eedb       0x10 ./Src/main.o
 .debug_macro   0x000000000000eeeb       0x1c ./Src/main.o
 .debug_macro   0x000000000000ef07       0x16 ./Src/main.o
 .debug_macro   0x000000000000ef1d      0x147 ./Src/main.o
 .debug_macro   0x000000000000f064       0x22 ./Src/main.o

.debug_line     0x0000000000000000     0x6e79
 .debug_line    0x0000000000000000      0x570 ./CMSIS/src/system_stm32f4xx.o
 .debug_line    0x0000000000000570      0x62e ./FreeRTOS/src/freertos.o
 .debug_line    0x0000000000000b9e      0x95f ./FreeRTOS/src/heap_4.o
 .debug_line    0x00000000000014fd      0x749 ./FreeRTOS/src/list.o
 .debug_line    0x0000000000001c46      0x934 ./FreeRTOS/src/port.o
 .debug_line    0x000000000000257a     0x14ca ./FreeRTOS/src/queue.o
 .debug_line    0x0000000000003a44     0x197f ./FreeRTOS/src/tasks.o
 .debug_line    0x00000000000053c3      0x4f4 ./Src/GPIO_Init.o
 .debug_line    0x00000000000058b7      0x518 ./Src/TIM2_PWM_Init.o
 .debug_line    0x0000000000005dcf      0x7fa ./Src/USART_Init.o
 .debug_line    0x00000000000065c9      0x835 ./Src/main.o
 .debug_line    0x0000000000006dfe       0x7b ./Startup/startup_stm32f401retx.o

.debug_str      0x0000000000000000    0x5af5a
 .debug_str     0x0000000000000000    0x4f583 ./CMSIS/src/system_stm32f4xx.o
                                      0x4f6ff (size before relaxing)
 .debug_str     0x000000000004f583     0x6011 ./FreeRTOS/src/freertos.o
                                       0x9dd4 (size before relaxing)
 .debug_str     0x0000000000055594     0x1a44 ./FreeRTOS/src/heap_4.o
                                       0xb3b1 (size before relaxing)
 .debug_str     0x0000000000056fd8      0x107 ./FreeRTOS/src/list.o
                                       0xaa80 (size before relaxing)
 .debug_str     0x00000000000570df      0x80c ./FreeRTOS/src/port.o
                                       0xa21e (size before relaxing)
 .debug_str     0x00000000000578eb     0x11de ./FreeRTOS/src/queue.o
                                       0xc413 (size before relaxing)
 .debug_str     0x0000000000058ac9     0x180d ./FreeRTOS/src/tasks.o
                                       0xd13a (size before relaxing)
 .debug_str     0x000000000005a2d6       0x4f ./Src/GPIO_Init.o
                                      0x4f622 (size before relaxing)
 .debug_str     0x000000000005a325       0x6a ./Src/TIM2_PWM_Init.o
                                      0x4f66f (size before relaxing)
 .debug_str     0x000000000005a38f      0x456 ./Src/USART_Init.o
                                      0x5493d (size before relaxing)
 .debug_str     0x000000000005a7e5      0x746 ./Src/main.o
                                      0x577df (size before relaxing)
 .debug_str     0x000000000005af2b       0x2f ./Startup/startup_stm32f401retx.o
                                         0x6e (size before relaxing)

.debug_frame    0x0000000000000000     0x155c
 .debug_frame   0x0000000000000000       0x58 ./CMSIS/src/system_stm32f4xx.o
 .debug_frame   0x0000000000000058       0x38 ./FreeRTOS/src/freertos.o
 .debug_frame   0x0000000000000090      0x12c ./FreeRTOS/src/heap_4.o
 .debug_frame   0x00000000000001bc       0xd8 ./FreeRTOS/src/list.o
 .debug_frame   0x0000000000000294      0x1a8 ./FreeRTOS/src/port.o
 .debug_frame   0x000000000000043c      0x46c ./FreeRTOS/src/queue.o
 .debug_frame   0x00000000000008a8      0x77c ./FreeRTOS/src/tasks.o
 .debug_frame   0x0000000000001024       0x30 ./Src/GPIO_Init.o
 .debug_frame   0x0000000000001054       0x30 ./Src/TIM2_PWM_Init.o
 .debug_frame   0x0000000000001084       0xf0 ./Src/USART_Init.o
 .debug_frame   0x0000000000001174       0x90 ./Src/main.o
 .debug_frame   0x0000000000001204      0x144 C:/ST/STM32CubeIDE_1.13.2/STM32CubeIDE/plugins/com.st.stm32cube.ide.mcu.externaltools.gnu-tools-for-stm32.11.3.rel1.win32_1.1.1.202309131626/tools/bin/../lib/gcc/arm-none-eabi/11.3.1/../../../../arm-none-eabi/lib/thumb/v7e-m+fp/hard\libc_nano.a(libc_a-findfp.o)
 .debug_frame   0x0000000000001348       0x20 C:/ST/STM32CubeIDE_1.13.2/STM32CubeIDE/plugins/com.st.stm32cube.ide.mcu.externaltools.gnu-tools-for-stm32.11.3.rel1.win32_1.1.1.202309131626/tools/bin/../lib/gcc/arm-none-eabi/11.3.1/../../../../arm-none-eabi/lib/thumb/v7e-m+fp/hard\libc_nano.a(libc_a-memset.o)
 .debug_frame   0x0000000000001368       0x38 C:/ST/STM32CubeIDE_1.13.2/STM32CubeIDE/plugins/com.st.stm32cube.ide.mcu.externaltools.gnu-tools-for-stm32.11.3.rel1.win32_1.1.1.202309131626/tools/bin/../lib/gcc/arm-none-eabi/11.3.1/../../../../arm-none-eabi/lib/thumb/v7e-m+fp/hard\libc_nano.a(libc_a-reent.o)
 .debug_frame   0x00000000000013a0       0x2c C:/ST/STM32CubeIDE_1.13.2/STM32CubeIDE/plugins/com.st.stm32cube.ide.mcu.externaltools.gnu-tools-for-stm32.11.3.rel1.win32_1.1.1.202309131626/tools/bin/../lib/gcc/arm-none-eabi/11.3.1/../../../../arm-none-eabi/lib/thumb/v7e-m+fp/hard\libc_nano.a(libc_a-init.o)
 .debug_frame   0x00000000000013cc       0xb0 C:/ST/STM32CubeIDE_1.13.2/STM32CubeIDE/plugins/com.st.stm32cube.ide.mcu.externaltools.gnu-tools-for-stm32.11.3.rel1.win32_1.1.1.202309131626/tools/bin/../lib/gcc/arm-none-eabi/11.3.1/../../../../arm-none-eabi/lib/thumb/v7e-m+fp/hard\libc_nano.a(libc_a-lock.o)
 .debug_frame   0x000000000000147c       0x28 C:/ST/STM32CubeIDE_1.13.2/STM32CubeIDE/plugins/com.st.stm32cube.ide.mcu.externaltools.gnu-tools-for-stm32.11.3.rel1.win32_1.1.1.202309131626/tools/bin/../lib/gcc/arm-none-eabi/11.3.1/../../../../arm-none-eabi/lib/thumb/v7e-m+fp/hard\libc_nano.a(libc_a-memcpy-stub.o)
 .debug_frame   0x00000000000014a4       0x38 C:/ST/STM32CubeIDE_1.13.2/STM32CubeIDE/plugins/com.st.stm32cube.ide.mcu.externaltools.gnu-tools-for-stm32.11.3.rel1.win32_1.1.1.202309131626/tools/bin/../lib/gcc/arm-none-eabi/11.3.1/../../../../arm-none-eabi/lib/thumb/v7e-m+fp/hard\libc_nano.a(libc_a-freer.o)
 .debug_frame   0x00000000000014dc       0x50 C:/ST/STM32CubeIDE_1.13.2/STM32CubeIDE/plugins/com.st.stm32cube.ide.mcu.externaltools.gnu-tools-for-stm32.11.3.rel1.win32_1.1.1.202309131626/tools/bin/../lib/gcc/arm-none-eabi/11.3.1/../../../../arm-none-eabi/lib/thumb/v7e-m+fp/hard\libc_nano.a(libc_a-mallocr.o)
 .debug_frame   0x000000000000152c       0x30 C:/ST/STM32CubeIDE_1.13.2/STM32CubeIDE/plugins/com.st.stm32cube.ide.mcu.externaltools.gnu-tools-for-stm32.11.3.rel1.win32_1.1.1.202309131626/tools/bin/../lib/gcc/arm-none-eabi/11.3.1/../../../../arm-none-eabi/lib/thumb/v7e-m+fp/hard\libc_nano.a(libc_a-mlock.o)

.debug_line_str
                0x0000000000000000       0x62
 .debug_line_str
                0x0000000000000000       0x62 ./Startup/startup_stm32f401retx.o
                                         0x7a (size before relaxing)
